// Jest Snapshot v1, https://goo.gl/fbAQLP

exports[`Expression evaluation 1`] = `
"never => never
any => any
number => number
-2 => -2
-1 => -1
0 => 0
1 => 1
2 => 2
10 => 10
100 => 100
-Infinity => -Infinity
Infinity => Infinity
NaN => NaN
0..1 => 0..1
0..2 => 0..2
1..2 => 1..2
0..Infinity => 0..Infinity
1..Infinity => 1..Infinity
-Infinity..0 => -Infinity..0
-Infinity..Infinity => -Infinity..Infinity
int(0..1) => int(0..1)
int(0..2) => int(0..2)
int(1..2) => int(1..2)
int(0..Infinity) => int(0..Infinity)
int(1..Infinity) => int(1..Infinity)
int(-Infinity..0) => int(-Infinity..0)
int(-Infinity..Infinity) => int(-Infinity..Infinity)
string => string
\\"\\" => \\"\\"
\\"foo\\" => \\"foo\\"
\\"bar\\" => \\"bar\\"
null => null
never | never => never
never | any => any
never | number => number
never | -2 => -2
never | -1 => -1
never | 0 => 0
never | 1 => 1
never | 2 => 2
never | 10 => 10
never | 100 => 100
never | -Infinity => -Infinity
never | Infinity => Infinity
never | NaN => NaN
never | 0..1 => 0..1
never | 0..2 => 0..2
never | 1..2 => 1..2
never | 0..Infinity => 0..Infinity
never | 1..Infinity => 1..Infinity
never | -Infinity..0 => -Infinity..0
never | -Infinity..Infinity => -Infinity..Infinity
never | int(0..1) => int(0..1)
never | int(0..2) => int(0..2)
never | int(1..2) => int(1..2)
never | int(0..Infinity) => int(0..Infinity)
never | int(1..Infinity) => int(1..Infinity)
never | int(-Infinity..0) => int(-Infinity..0)
never | int(-Infinity..Infinity) => int(-Infinity..Infinity)
never | string => string
never | \\"\\" => \\"\\"
never | \\"foo\\" => \\"foo\\"
never | \\"bar\\" => \\"bar\\"
never | null => null
any | never => any
any | any => any
any | number => any
any | -2 => any
any | -1 => any
any | 0 => any
any | 1 => any
any | 2 => any
any | 10 => any
any | 100 => any
any | -Infinity => any
any | Infinity => any
any | NaN => any
any | 0..1 => any
any | 0..2 => any
any | 1..2 => any
any | 0..Infinity => any
any | 1..Infinity => any
any | -Infinity..0 => any
any | -Infinity..Infinity => any
any | int(0..1) => any
any | int(0..2) => any
any | int(1..2) => any
any | int(0..Infinity) => any
any | int(1..Infinity) => any
any | int(-Infinity..0) => any
any | int(-Infinity..Infinity) => any
any | string => any
any | \\"\\" => any
any | \\"foo\\" => any
any | \\"bar\\" => any
any | null => any
number | never => number
number | any => any
number | number => number
number | -2 => number
number | -1 => number
number | 0 => number
number | 1 => number
number | 2 => number
number | 10 => number
number | 100 => number
number | -Infinity => number
number | Infinity => number
number | NaN => number
number | 0..1 => number
number | 0..2 => number
number | 1..2 => number
number | 0..Infinity => number
number | 1..Infinity => number
number | -Infinity..0 => number
number | -Infinity..Infinity => number
number | int(0..1) => number
number | int(0..2) => number
number | int(1..2) => number
number | int(0..Infinity) => number
number | int(1..Infinity) => number
number | int(-Infinity..0) => number
number | int(-Infinity..Infinity) => number
number | string => number | string
number | \\"\\" => number | \\"\\"
number | \\"foo\\" => number | \\"foo\\"
number | \\"bar\\" => number | \\"bar\\"
number | null => number | null
-2 | never => -2
-2 | any => any
-2 | number => number
-2 | -2 => -2
-2 | -1 => int(-2..-1)
-2 | 0 => -2 | 0
-2 | 1 => -2 | 1
-2 | 2 => -2 | 2
-2 | 10 => -2 | 10
-2 | 100 => -2 | 100
-2 | -Infinity => -2 | -Infinity
-2 | Infinity => -2 | Infinity
-2 | NaN => -2 | NaN
-2 | 0..1 => -2 | 0..1
-2 | 0..2 => -2 | 0..2
-2 | 1..2 => -2 | 1..2
-2 | 0..Infinity => -2 | 0..Infinity
-2 | 1..Infinity => -2 | 1..Infinity
-2 | -Infinity..0 => -Infinity..0
-2 | -Infinity..Infinity => -Infinity..Infinity
-2 | int(0..1) => -2 | int(0..1)
-2 | int(0..2) => -2 | int(0..2)
-2 | int(1..2) => -2 | int(1..2)
-2 | int(0..Infinity) => -2 | int(0..Infinity)
-2 | int(1..Infinity) => -2 | int(1..Infinity)
-2 | int(-Infinity..0) => int(-Infinity..0)
-2 | int(-Infinity..Infinity) => int(-Infinity..Infinity)
-2 | string => -2 | string
-2 | \\"\\" => -2 | \\"\\"
-2 | \\"foo\\" => -2 | \\"foo\\"
-2 | \\"bar\\" => -2 | \\"bar\\"
-2 | null => -2 | null
-1 | never => -1
-1 | any => any
-1 | number => number
-1 | -2 => int(-2..-1)
-1 | -1 => -1
-1 | 0 => int(-1..0)
-1 | 1 => -1 | 1
-1 | 2 => -1 | 2
-1 | 10 => -1 | 10
-1 | 100 => -1 | 100
-1 | -Infinity => -1 | -Infinity
-1 | Infinity => -1 | Infinity
-1 | NaN => -1 | NaN
-1 | 0..1 => -1 | 0..1
-1 | 0..2 => -1 | 0..2
-1 | 1..2 => -1 | 1..2
-1 | 0..Infinity => -1 | 0..Infinity
-1 | 1..Infinity => -1 | 1..Infinity
-1 | -Infinity..0 => -Infinity..0
-1 | -Infinity..Infinity => -Infinity..Infinity
-1 | int(0..1) => int(-1..1)
-1 | int(0..2) => int(-1..2)
-1 | int(1..2) => -1 | int(1..2)
-1 | int(0..Infinity) => int(-1..Infinity)
-1 | int(1..Infinity) => -1 | int(1..Infinity)
-1 | int(-Infinity..0) => int(-Infinity..0)
-1 | int(-Infinity..Infinity) => int(-Infinity..Infinity)
-1 | string => -1 | string
-1 | \\"\\" => -1 | \\"\\"
-1 | \\"foo\\" => -1 | \\"foo\\"
-1 | \\"bar\\" => -1 | \\"bar\\"
-1 | null => -1 | null
0 | never => 0
0 | any => any
0 | number => number
0 | -2 => -2 | 0
0 | -1 => int(-1..0)
0 | 0 => 0
0 | 1 => int(0..1)
0 | 2 => 0 | 2
0 | 10 => 0 | 10
0 | 100 => 0 | 100
0 | -Infinity => 0 | -Infinity
0 | Infinity => 0 | Infinity
0 | NaN => 0 | NaN
0 | 0..1 => 0..1
0 | 0..2 => 0..2
0 | 1..2 => 0 | 1..2
0 | 0..Infinity => 0..Infinity
0 | 1..Infinity => 0 | 1..Infinity
0 | -Infinity..0 => -Infinity..0
0 | -Infinity..Infinity => -Infinity..Infinity
0 | int(0..1) => int(0..1)
0 | int(0..2) => int(0..2)
0 | int(1..2) => int(0..2)
0 | int(0..Infinity) => int(0..Infinity)
0 | int(1..Infinity) => int(0..Infinity)
0 | int(-Infinity..0) => int(-Infinity..0)
0 | int(-Infinity..Infinity) => int(-Infinity..Infinity)
0 | string => 0 | string
0 | \\"\\" => 0 | \\"\\"
0 | \\"foo\\" => 0 | \\"foo\\"
0 | \\"bar\\" => 0 | \\"bar\\"
0 | null => 0 | null
1 | never => 1
1 | any => any
1 | number => number
1 | -2 => -2 | 1
1 | -1 => -1 | 1
1 | 0 => int(0..1)
1 | 1 => 1
1 | 2 => int(1..2)
1 | 10 => 1 | 10
1 | 100 => 1 | 100
1 | -Infinity => 1 | -Infinity
1 | Infinity => 1 | Infinity
1 | NaN => 1 | NaN
1 | 0..1 => 0..1
1 | 0..2 => 0..2
1 | 1..2 => 1..2
1 | 0..Infinity => 0..Infinity
1 | 1..Infinity => 1..Infinity
1 | -Infinity..0 => 1 | -Infinity..0
1 | -Infinity..Infinity => -Infinity..Infinity
1 | int(0..1) => int(0..1)
1 | int(0..2) => int(0..2)
1 | int(1..2) => int(1..2)
1 | int(0..Infinity) => int(0..Infinity)
1 | int(1..Infinity) => int(1..Infinity)
1 | int(-Infinity..0) => int(-Infinity..1)
1 | int(-Infinity..Infinity) => int(-Infinity..Infinity)
1 | string => 1 | string
1 | \\"\\" => 1 | \\"\\"
1 | \\"foo\\" => 1 | \\"foo\\"
1 | \\"bar\\" => 1 | \\"bar\\"
1 | null => 1 | null
2 | never => 2
2 | any => any
2 | number => number
2 | -2 => -2 | 2
2 | -1 => -1 | 2
2 | 0 => 0 | 2
2 | 1 => int(1..2)
2 | 2 => 2
2 | 10 => 2 | 10
2 | 100 => 2 | 100
2 | -Infinity => 2 | -Infinity
2 | Infinity => 2 | Infinity
2 | NaN => 2 | NaN
2 | 0..1 => 2 | 0..1
2 | 0..2 => 0..2
2 | 1..2 => 1..2
2 | 0..Infinity => 0..Infinity
2 | 1..Infinity => 1..Infinity
2 | -Infinity..0 => 2 | -Infinity..0
2 | -Infinity..Infinity => -Infinity..Infinity
2 | int(0..1) => int(0..2)
2 | int(0..2) => int(0..2)
2 | int(1..2) => int(1..2)
2 | int(0..Infinity) => int(0..Infinity)
2 | int(1..Infinity) => int(1..Infinity)
2 | int(-Infinity..0) => 2 | int(-Infinity..0)
2 | int(-Infinity..Infinity) => int(-Infinity..Infinity)
2 | string => 2 | string
2 | \\"\\" => 2 | \\"\\"
2 | \\"foo\\" => 2 | \\"foo\\"
2 | \\"bar\\" => 2 | \\"bar\\"
2 | null => 2 | null
10 | never => 10
10 | any => any
10 | number => number
10 | -2 => -2 | 10
10 | -1 => -1 | 10
10 | 0 => 0 | 10
10 | 1 => 1 | 10
10 | 2 => 2 | 10
10 | 10 => 10
10 | 100 => 10 | 100
10 | -Infinity => 10 | -Infinity
10 | Infinity => 10 | Infinity
10 | NaN => 10 | NaN
10 | 0..1 => 10 | 0..1
10 | 0..2 => 10 | 0..2
10 | 1..2 => 10 | 1..2
10 | 0..Infinity => 0..Infinity
10 | 1..Infinity => 1..Infinity
10 | -Infinity..0 => 10 | -Infinity..0
10 | -Infinity..Infinity => -Infinity..Infinity
10 | int(0..1) => 10 | int(0..1)
10 | int(0..2) => 10 | int(0..2)
10 | int(1..2) => 10 | int(1..2)
10 | int(0..Infinity) => int(0..Infinity)
10 | int(1..Infinity) => int(1..Infinity)
10 | int(-Infinity..0) => 10 | int(-Infinity..0)
10 | int(-Infinity..Infinity) => int(-Infinity..Infinity)
10 | string => 10 | string
10 | \\"\\" => 10 | \\"\\"
10 | \\"foo\\" => 10 | \\"foo\\"
10 | \\"bar\\" => 10 | \\"bar\\"
10 | null => 10 | null
100 | never => 100
100 | any => any
100 | number => number
100 | -2 => -2 | 100
100 | -1 => -1 | 100
100 | 0 => 0 | 100
100 | 1 => 1 | 100
100 | 2 => 2 | 100
100 | 10 => 10 | 100
100 | 100 => 100
100 | -Infinity => 100 | -Infinity
100 | Infinity => 100 | Infinity
100 | NaN => 100 | NaN
100 | 0..1 => 100 | 0..1
100 | 0..2 => 100 | 0..2
100 | 1..2 => 100 | 1..2
100 | 0..Infinity => 0..Infinity
100 | 1..Infinity => 1..Infinity
100 | -Infinity..0 => 100 | -Infinity..0
100 | -Infinity..Infinity => -Infinity..Infinity
100 | int(0..1) => 100 | int(0..1)
100 | int(0..2) => 100 | int(0..2)
100 | int(1..2) => 100 | int(1..2)
100 | int(0..Infinity) => int(0..Infinity)
100 | int(1..Infinity) => int(1..Infinity)
100 | int(-Infinity..0) => 100 | int(-Infinity..0)
100 | int(-Infinity..Infinity) => int(-Infinity..Infinity)
100 | string => 100 | string
100 | \\"\\" => 100 | \\"\\"
100 | \\"foo\\" => 100 | \\"foo\\"
100 | \\"bar\\" => 100 | \\"bar\\"
100 | null => 100 | null
-Infinity | never => -Infinity
-Infinity | any => any
-Infinity | number => number
-Infinity | -2 => -2 | -Infinity
-Infinity | -1 => -1 | -Infinity
-Infinity | 0 => 0 | -Infinity
-Infinity | 1 => 1 | -Infinity
-Infinity | 2 => 2 | -Infinity
-Infinity | 10 => 10 | -Infinity
-Infinity | 100 => 100 | -Infinity
-Infinity | -Infinity => -Infinity
-Infinity | Infinity => -Infinity | Infinity
-Infinity | NaN => -Infinity | NaN
-Infinity | 0..1 => -Infinity | 0..1
-Infinity | 0..2 => -Infinity | 0..2
-Infinity | 1..2 => -Infinity | 1..2
-Infinity | 0..Infinity => -Infinity | 0..Infinity
-Infinity | 1..Infinity => -Infinity | 1..Infinity
-Infinity | -Infinity..0 => -Infinity..0
-Infinity | -Infinity..Infinity => -Infinity..Infinity
-Infinity | int(0..1) => -Infinity | int(0..1)
-Infinity | int(0..2) => -Infinity | int(0..2)
-Infinity | int(1..2) => -Infinity | int(1..2)
-Infinity | int(0..Infinity) => -Infinity | int(0..Infinity)
-Infinity | int(1..Infinity) => -Infinity | int(1..Infinity)
-Infinity | int(-Infinity..0) => -Infinity | int(-Infinity..0)
-Infinity | int(-Infinity..Infinity) => -Infinity | int(-Infinity..Infinity)
-Infinity | string => -Infinity | string
-Infinity | \\"\\" => -Infinity | \\"\\"
-Infinity | \\"foo\\" => -Infinity | \\"foo\\"
-Infinity | \\"bar\\" => -Infinity | \\"bar\\"
-Infinity | null => -Infinity | null
Infinity | never => Infinity
Infinity | any => any
Infinity | number => number
Infinity | -2 => -2 | Infinity
Infinity | -1 => -1 | Infinity
Infinity | 0 => 0 | Infinity
Infinity | 1 => 1 | Infinity
Infinity | 2 => 2 | Infinity
Infinity | 10 => 10 | Infinity
Infinity | 100 => 100 | Infinity
Infinity | -Infinity => -Infinity | Infinity
Infinity | Infinity => Infinity
Infinity | NaN => Infinity | NaN
Infinity | 0..1 => Infinity | 0..1
Infinity | 0..2 => Infinity | 0..2
Infinity | 1..2 => Infinity | 1..2
Infinity | 0..Infinity => 0..Infinity
Infinity | 1..Infinity => 1..Infinity
Infinity | -Infinity..0 => Infinity | -Infinity..0
Infinity | -Infinity..Infinity => -Infinity..Infinity
Infinity | int(0..1) => Infinity | int(0..1)
Infinity | int(0..2) => Infinity | int(0..2)
Infinity | int(1..2) => Infinity | int(1..2)
Infinity | int(0..Infinity) => Infinity | int(0..Infinity)
Infinity | int(1..Infinity) => Infinity | int(1..Infinity)
Infinity | int(-Infinity..0) => Infinity | int(-Infinity..0)
Infinity | int(-Infinity..Infinity) => Infinity | int(-Infinity..Infinity)
Infinity | string => Infinity | string
Infinity | \\"\\" => Infinity | \\"\\"
Infinity | \\"foo\\" => Infinity | \\"foo\\"
Infinity | \\"bar\\" => Infinity | \\"bar\\"
Infinity | null => Infinity | null
NaN | never => NaN
NaN | any => any
NaN | number => number
NaN | -2 => -2 | NaN
NaN | -1 => -1 | NaN
NaN | 0 => 0 | NaN
NaN | 1 => 1 | NaN
NaN | 2 => 2 | NaN
NaN | 10 => 10 | NaN
NaN | 100 => 100 | NaN
NaN | -Infinity => -Infinity | NaN
NaN | Infinity => Infinity | NaN
NaN | NaN => NaN
NaN | 0..1 => NaN | 0..1
NaN | 0..2 => NaN | 0..2
NaN | 1..2 => NaN | 1..2
NaN | 0..Infinity => NaN | 0..Infinity
NaN | 1..Infinity => NaN | 1..Infinity
NaN | -Infinity..0 => NaN | -Infinity..0
NaN | -Infinity..Infinity => NaN | -Infinity..Infinity
NaN | int(0..1) => NaN | int(0..1)
NaN | int(0..2) => NaN | int(0..2)
NaN | int(1..2) => NaN | int(1..2)
NaN | int(0..Infinity) => NaN | int(0..Infinity)
NaN | int(1..Infinity) => NaN | int(1..Infinity)
NaN | int(-Infinity..0) => NaN | int(-Infinity..0)
NaN | int(-Infinity..Infinity) => NaN | int(-Infinity..Infinity)
NaN | string => NaN | string
NaN | \\"\\" => NaN | \\"\\"
NaN | \\"foo\\" => NaN | \\"foo\\"
NaN | \\"bar\\" => NaN | \\"bar\\"
NaN | null => NaN | null
0..1 | never => 0..1
0..1 | any => any
0..1 | number => number
0..1 | -2 => -2 | 0..1
0..1 | -1 => -1 | 0..1
0..1 | 0 => 0..1
0..1 | 1 => 0..1
0..1 | 2 => 2 | 0..1
0..1 | 10 => 10 | 0..1
0..1 | 100 => 100 | 0..1
0..1 | -Infinity => -Infinity | 0..1
0..1 | Infinity => Infinity | 0..1
0..1 | NaN => NaN | 0..1
0..1 | 0..1 => 0..1
0..1 | 0..2 => 0..2
0..1 | 1..2 => 0..2
0..1 | 0..Infinity => 0..Infinity
0..1 | 1..Infinity => 0..Infinity
0..1 | -Infinity..0 => -Infinity..1
0..1 | -Infinity..Infinity => -Infinity..Infinity
0..1 | int(0..1) => 0..1
0..1 | int(0..2) => 0..1
0..1 | int(1..2) => 0..1
0..1 | int(0..Infinity) => 0..1
0..1 | int(1..Infinity) => 0..1
0..1 | int(-Infinity..0) => int(-Infinity..0) | 0..1
0..1 | int(-Infinity..Infinity) => int(-Infinity..Infinity) | 0..1
0..1 | string => 0..1 | string
0..1 | \\"\\" => 0..1 | \\"\\"
0..1 | \\"foo\\" => 0..1 | \\"foo\\"
0..1 | \\"bar\\" => 0..1 | \\"bar\\"
0..1 | null => 0..1 | null
0..2 | never => 0..2
0..2 | any => any
0..2 | number => number
0..2 | -2 => -2 | 0..2
0..2 | -1 => -1 | 0..2
0..2 | 0 => 0..2
0..2 | 1 => 0..2
0..2 | 2 => 0..2
0..2 | 10 => 10 | 0..2
0..2 | 100 => 100 | 0..2
0..2 | -Infinity => -Infinity | 0..2
0..2 | Infinity => Infinity | 0..2
0..2 | NaN => NaN | 0..2
0..2 | 0..1 => 0..2
0..2 | 0..2 => 0..2
0..2 | 1..2 => 0..2
0..2 | 0..Infinity => 0..Infinity
0..2 | 1..Infinity => 0..Infinity
0..2 | -Infinity..0 => -Infinity..2
0..2 | -Infinity..Infinity => -Infinity..Infinity
0..2 | int(0..1) => 0..2
0..2 | int(0..2) => 0..2
0..2 | int(1..2) => 0..2
0..2 | int(0..Infinity) => 0..2
0..2 | int(1..Infinity) => 0..2
0..2 | int(-Infinity..0) => int(-Infinity..0) | 0..2
0..2 | int(-Infinity..Infinity) => int(-Infinity..Infinity) | 0..2
0..2 | string => 0..2 | string
0..2 | \\"\\" => 0..2 | \\"\\"
0..2 | \\"foo\\" => 0..2 | \\"foo\\"
0..2 | \\"bar\\" => 0..2 | \\"bar\\"
0..2 | null => 0..2 | null
1..2 | never => 1..2
1..2 | any => any
1..2 | number => number
1..2 | -2 => -2 | 1..2
1..2 | -1 => -1 | 1..2
1..2 | 0 => 0 | 1..2
1..2 | 1 => 1..2
1..2 | 2 => 1..2
1..2 | 10 => 10 | 1..2
1..2 | 100 => 100 | 1..2
1..2 | -Infinity => -Infinity | 1..2
1..2 | Infinity => Infinity | 1..2
1..2 | NaN => NaN | 1..2
1..2 | 0..1 => 0..2
1..2 | 0..2 => 0..2
1..2 | 1..2 => 1..2
1..2 | 0..Infinity => 0..Infinity
1..2 | 1..Infinity => 1..Infinity
1..2 | -Infinity..0 => 1..2 | -Infinity..0
1..2 | -Infinity..Infinity => -Infinity..Infinity
1..2 | int(0..1) => int(0..1) | 1..2
1..2 | int(0..2) => int(0..2) | 1..2
1..2 | int(1..2) => 1..2
1..2 | int(0..Infinity) => int(0..Infinity) | 1..2
1..2 | int(1..Infinity) => 1..2
1..2 | int(-Infinity..0) => int(-Infinity..0) | 1..2
1..2 | int(-Infinity..Infinity) => int(-Infinity..Infinity) | 1..2
1..2 | string => 1..2 | string
1..2 | \\"\\" => 1..2 | \\"\\"
1..2 | \\"foo\\" => 1..2 | \\"foo\\"
1..2 | \\"bar\\" => 1..2 | \\"bar\\"
1..2 | null => 1..2 | null
0..Infinity | never => 0..Infinity
0..Infinity | any => any
0..Infinity | number => number
0..Infinity | -2 => -2 | 0..Infinity
0..Infinity | -1 => -1 | 0..Infinity
0..Infinity | 0 => 0..Infinity
0..Infinity | 1 => 0..Infinity
0..Infinity | 2 => 0..Infinity
0..Infinity | 10 => 0..Infinity
0..Infinity | 100 => 0..Infinity
0..Infinity | -Infinity => -Infinity | 0..Infinity
0..Infinity | Infinity => 0..Infinity
0..Infinity | NaN => NaN | 0..Infinity
0..Infinity | 0..1 => 0..Infinity
0..Infinity | 0..2 => 0..Infinity
0..Infinity | 1..2 => 0..Infinity
0..Infinity | 0..Infinity => 0..Infinity
0..Infinity | 1..Infinity => 0..Infinity
0..Infinity | -Infinity..0 => -Infinity..Infinity
0..Infinity | -Infinity..Infinity => -Infinity..Infinity
0..Infinity | int(0..1) => 0..Infinity
0..Infinity | int(0..2) => 0..Infinity
0..Infinity | int(1..2) => 0..Infinity
0..Infinity | int(0..Infinity) => 0..Infinity
0..Infinity | int(1..Infinity) => 0..Infinity
0..Infinity | int(-Infinity..0) => int(-Infinity..0) | 0..Infinity
0..Infinity | int(-Infinity..Infinity) => int(-Infinity..Infinity) | 0..Infinity
0..Infinity | string => 0..Infinity | string
0..Infinity | \\"\\" => 0..Infinity | \\"\\"
0..Infinity | \\"foo\\" => 0..Infinity | \\"foo\\"
0..Infinity | \\"bar\\" => 0..Infinity | \\"bar\\"
0..Infinity | null => 0..Infinity | null
1..Infinity | never => 1..Infinity
1..Infinity | any => any
1..Infinity | number => number
1..Infinity | -2 => -2 | 1..Infinity
1..Infinity | -1 => -1 | 1..Infinity
1..Infinity | 0 => 0 | 1..Infinity
1..Infinity | 1 => 1..Infinity
1..Infinity | 2 => 1..Infinity
1..Infinity | 10 => 1..Infinity
1..Infinity | 100 => 1..Infinity
1..Infinity | -Infinity => -Infinity | 1..Infinity
1..Infinity | Infinity => 1..Infinity
1..Infinity | NaN => NaN | 1..Infinity
1..Infinity | 0..1 => 0..Infinity
1..Infinity | 0..2 => 0..Infinity
1..Infinity | 1..2 => 1..Infinity
1..Infinity | 0..Infinity => 0..Infinity
1..Infinity | 1..Infinity => 1..Infinity
1..Infinity | -Infinity..0 => 1..Infinity | -Infinity..0
1..Infinity | -Infinity..Infinity => -Infinity..Infinity
1..Infinity | int(0..1) => int(0..1) | 1..Infinity
1..Infinity | int(0..2) => int(0..2) | 1..Infinity
1..Infinity | int(1..2) => 1..Infinity
1..Infinity | int(0..Infinity) => int(0..Infinity) | 1..Infinity
1..Infinity | int(1..Infinity) => 1..Infinity
1..Infinity | int(-Infinity..0) => int(-Infinity..0) | 1..Infinity
1..Infinity | int(-Infinity..Infinity) => int(-Infinity..Infinity) | 1..Infinity
1..Infinity | string => 1..Infinity | string
1..Infinity | \\"\\" => 1..Infinity | \\"\\"
1..Infinity | \\"foo\\" => 1..Infinity | \\"foo\\"
1..Infinity | \\"bar\\" => 1..Infinity | \\"bar\\"
1..Infinity | null => 1..Infinity | null
-Infinity..0 | never => -Infinity..0
-Infinity..0 | any => any
-Infinity..0 | number => number
-Infinity..0 | -2 => -Infinity..0
-Infinity..0 | -1 => -Infinity..0
-Infinity..0 | 0 => -Infinity..0
-Infinity..0 | 1 => 1 | -Infinity..0
-Infinity..0 | 2 => 2 | -Infinity..0
-Infinity..0 | 10 => 10 | -Infinity..0
-Infinity..0 | 100 => 100 | -Infinity..0
-Infinity..0 | -Infinity => -Infinity..0
-Infinity..0 | Infinity => Infinity | -Infinity..0
-Infinity..0 | NaN => NaN | -Infinity..0
-Infinity..0 | 0..1 => -Infinity..1
-Infinity..0 | 0..2 => -Infinity..2
-Infinity..0 | 1..2 => 1..2 | -Infinity..0
-Infinity..0 | 0..Infinity => -Infinity..Infinity
-Infinity..0 | 1..Infinity => 1..Infinity | -Infinity..0
-Infinity..0 | -Infinity..0 => -Infinity..0
-Infinity..0 | -Infinity..Infinity => -Infinity..Infinity
-Infinity..0 | int(0..1) => -Infinity..0
-Infinity..0 | int(0..2) => -Infinity..0
-Infinity..0 | int(1..2) => int(1..2) | -Infinity..0
-Infinity..0 | int(0..Infinity) => -Infinity..0
-Infinity..0 | int(1..Infinity) => int(1..Infinity) | -Infinity..0
-Infinity..0 | int(-Infinity..0) => -Infinity..0
-Infinity..0 | int(-Infinity..Infinity) => -Infinity..0
-Infinity..0 | string => -Infinity..0 | string
-Infinity..0 | \\"\\" => -Infinity..0 | \\"\\"
-Infinity..0 | \\"foo\\" => -Infinity..0 | \\"foo\\"
-Infinity..0 | \\"bar\\" => -Infinity..0 | \\"bar\\"
-Infinity..0 | null => -Infinity..0 | null
-Infinity..Infinity | never => -Infinity..Infinity
-Infinity..Infinity | any => any
-Infinity..Infinity | number => number
-Infinity..Infinity | -2 => -Infinity..Infinity
-Infinity..Infinity | -1 => -Infinity..Infinity
-Infinity..Infinity | 0 => -Infinity..Infinity
-Infinity..Infinity | 1 => -Infinity..Infinity
-Infinity..Infinity | 2 => -Infinity..Infinity
-Infinity..Infinity | 10 => -Infinity..Infinity
-Infinity..Infinity | 100 => -Infinity..Infinity
-Infinity..Infinity | -Infinity => -Infinity..Infinity
-Infinity..Infinity | Infinity => -Infinity..Infinity
-Infinity..Infinity | NaN => NaN | -Infinity..Infinity
-Infinity..Infinity | 0..1 => -Infinity..Infinity
-Infinity..Infinity | 0..2 => -Infinity..Infinity
-Infinity..Infinity | 1..2 => -Infinity..Infinity
-Infinity..Infinity | 0..Infinity => -Infinity..Infinity
-Infinity..Infinity | 1..Infinity => -Infinity..Infinity
-Infinity..Infinity | -Infinity..0 => -Infinity..Infinity
-Infinity..Infinity | -Infinity..Infinity => -Infinity..Infinity
-Infinity..Infinity | int(0..1) => -Infinity..Infinity
-Infinity..Infinity | int(0..2) => -Infinity..Infinity
-Infinity..Infinity | int(1..2) => -Infinity..Infinity
-Infinity..Infinity | int(0..Infinity) => -Infinity..Infinity
-Infinity..Infinity | int(1..Infinity) => -Infinity..Infinity
-Infinity..Infinity | int(-Infinity..0) => -Infinity..Infinity
-Infinity..Infinity | int(-Infinity..Infinity) => -Infinity..Infinity
-Infinity..Infinity | string => -Infinity..Infinity | string
-Infinity..Infinity | \\"\\" => -Infinity..Infinity | \\"\\"
-Infinity..Infinity | \\"foo\\" => -Infinity..Infinity | \\"foo\\"
-Infinity..Infinity | \\"bar\\" => -Infinity..Infinity | \\"bar\\"
-Infinity..Infinity | null => -Infinity..Infinity | null
int(0..1) | never => int(0..1)
int(0..1) | any => any
int(0..1) | number => number
int(0..1) | -2 => -2 | int(0..1)
int(0..1) | -1 => int(-1..1)
int(0..1) | 0 => int(0..1)
int(0..1) | 1 => int(0..1)
int(0..1) | 2 => int(0..2)
int(0..1) | 10 => 10 | int(0..1)
int(0..1) | 100 => 100 | int(0..1)
int(0..1) | -Infinity => -Infinity | int(0..1)
int(0..1) | Infinity => Infinity | int(0..1)
int(0..1) | NaN => NaN | int(0..1)
int(0..1) | 0..1 => 0..1
int(0..1) | 0..2 => 0..2
int(0..1) | 1..2 => int(0..1) | 1..2
int(0..1) | 0..Infinity => 0..Infinity
int(0..1) | 1..Infinity => int(0..1) | 1..Infinity
int(0..1) | -Infinity..0 => -Infinity..0
int(0..1) | -Infinity..Infinity => -Infinity..Infinity
int(0..1) | int(0..1) => int(0..1)
int(0..1) | int(0..2) => int(0..2)
int(0..1) | int(1..2) => int(0..2)
int(0..1) | int(0..Infinity) => int(0..Infinity)
int(0..1) | int(1..Infinity) => int(0..Infinity)
int(0..1) | int(-Infinity..0) => int(-Infinity..1)
int(0..1) | int(-Infinity..Infinity) => int(-Infinity..Infinity)
int(0..1) | string => int(0..1) | string
int(0..1) | \\"\\" => int(0..1) | \\"\\"
int(0..1) | \\"foo\\" => int(0..1) | \\"foo\\"
int(0..1) | \\"bar\\" => int(0..1) | \\"bar\\"
int(0..1) | null => int(0..1) | null
int(0..2) | never => int(0..2)
int(0..2) | any => any
int(0..2) | number => number
int(0..2) | -2 => -2 | int(0..2)
int(0..2) | -1 => int(-1..2)
int(0..2) | 0 => int(0..2)
int(0..2) | 1 => int(0..2)
int(0..2) | 2 => int(0..2)
int(0..2) | 10 => 10 | int(0..2)
int(0..2) | 100 => 100 | int(0..2)
int(0..2) | -Infinity => -Infinity | int(0..2)
int(0..2) | Infinity => Infinity | int(0..2)
int(0..2) | NaN => NaN | int(0..2)
int(0..2) | 0..1 => 0..1
int(0..2) | 0..2 => 0..2
int(0..2) | 1..2 => int(0..2) | 1..2
int(0..2) | 0..Infinity => 0..Infinity
int(0..2) | 1..Infinity => int(0..2) | 1..Infinity
int(0..2) | -Infinity..0 => -Infinity..0
int(0..2) | -Infinity..Infinity => -Infinity..Infinity
int(0..2) | int(0..1) => int(0..2)
int(0..2) | int(0..2) => int(0..2)
int(0..2) | int(1..2) => int(0..2)
int(0..2) | int(0..Infinity) => int(0..Infinity)
int(0..2) | int(1..Infinity) => int(0..Infinity)
int(0..2) | int(-Infinity..0) => int(-Infinity..2)
int(0..2) | int(-Infinity..Infinity) => int(-Infinity..Infinity)
int(0..2) | string => int(0..2) | string
int(0..2) | \\"\\" => int(0..2) | \\"\\"
int(0..2) | \\"foo\\" => int(0..2) | \\"foo\\"
int(0..2) | \\"bar\\" => int(0..2) | \\"bar\\"
int(0..2) | null => int(0..2) | null
int(1..2) | never => int(1..2)
int(1..2) | any => any
int(1..2) | number => number
int(1..2) | -2 => -2 | int(1..2)
int(1..2) | -1 => -1 | int(1..2)
int(1..2) | 0 => int(0..2)
int(1..2) | 1 => int(1..2)
int(1..2) | 2 => int(1..2)
int(1..2) | 10 => 10 | int(1..2)
int(1..2) | 100 => 100 | int(1..2)
int(1..2) | -Infinity => -Infinity | int(1..2)
int(1..2) | Infinity => Infinity | int(1..2)
int(1..2) | NaN => NaN | int(1..2)
int(1..2) | 0..1 => 0..1
int(1..2) | 0..2 => 0..2
int(1..2) | 1..2 => 1..2
int(1..2) | 0..Infinity => 0..Infinity
int(1..2) | 1..Infinity => 1..Infinity
int(1..2) | -Infinity..0 => int(1..2) | -Infinity..0
int(1..2) | -Infinity..Infinity => -Infinity..Infinity
int(1..2) | int(0..1) => int(0..2)
int(1..2) | int(0..2) => int(0..2)
int(1..2) | int(1..2) => int(1..2)
int(1..2) | int(0..Infinity) => int(0..Infinity)
int(1..2) | int(1..Infinity) => int(1..Infinity)
int(1..2) | int(-Infinity..0) => int(-Infinity..2)
int(1..2) | int(-Infinity..Infinity) => int(-Infinity..Infinity)
int(1..2) | string => int(1..2) | string
int(1..2) | \\"\\" => int(1..2) | \\"\\"
int(1..2) | \\"foo\\" => int(1..2) | \\"foo\\"
int(1..2) | \\"bar\\" => int(1..2) | \\"bar\\"
int(1..2) | null => int(1..2) | null
int(0..Infinity) | never => int(0..Infinity)
int(0..Infinity) | any => any
int(0..Infinity) | number => number
int(0..Infinity) | -2 => -2 | int(0..Infinity)
int(0..Infinity) | -1 => int(-1..Infinity)
int(0..Infinity) | 0 => int(0..Infinity)
int(0..Infinity) | 1 => int(0..Infinity)
int(0..Infinity) | 2 => int(0..Infinity)
int(0..Infinity) | 10 => int(0..Infinity)
int(0..Infinity) | 100 => int(0..Infinity)
int(0..Infinity) | -Infinity => -Infinity | int(0..Infinity)
int(0..Infinity) | Infinity => Infinity | int(0..Infinity)
int(0..Infinity) | NaN => NaN | int(0..Infinity)
int(0..Infinity) | 0..1 => 0..1
int(0..Infinity) | 0..2 => 0..2
int(0..Infinity) | 1..2 => int(0..Infinity) | 1..2
int(0..Infinity) | 0..Infinity => 0..Infinity
int(0..Infinity) | 1..Infinity => int(0..Infinity) | 1..Infinity
int(0..Infinity) | -Infinity..0 => -Infinity..0
int(0..Infinity) | -Infinity..Infinity => -Infinity..Infinity
int(0..Infinity) | int(0..1) => int(0..Infinity)
int(0..Infinity) | int(0..2) => int(0..Infinity)
int(0..Infinity) | int(1..2) => int(0..Infinity)
int(0..Infinity) | int(0..Infinity) => int(0..Infinity)
int(0..Infinity) | int(1..Infinity) => int(0..Infinity)
int(0..Infinity) | int(-Infinity..0) => int(-Infinity..Infinity)
int(0..Infinity) | int(-Infinity..Infinity) => int(-Infinity..Infinity)
int(0..Infinity) | string => int(0..Infinity) | string
int(0..Infinity) | \\"\\" => int(0..Infinity) | \\"\\"
int(0..Infinity) | \\"foo\\" => int(0..Infinity) | \\"foo\\"
int(0..Infinity) | \\"bar\\" => int(0..Infinity) | \\"bar\\"
int(0..Infinity) | null => int(0..Infinity) | null
int(1..Infinity) | never => int(1..Infinity)
int(1..Infinity) | any => any
int(1..Infinity) | number => number
int(1..Infinity) | -2 => -2 | int(1..Infinity)
int(1..Infinity) | -1 => -1 | int(1..Infinity)
int(1..Infinity) | 0 => int(0..Infinity)
int(1..Infinity) | 1 => int(1..Infinity)
int(1..Infinity) | 2 => int(1..Infinity)
int(1..Infinity) | 10 => int(1..Infinity)
int(1..Infinity) | 100 => int(1..Infinity)
int(1..Infinity) | -Infinity => -Infinity | int(1..Infinity)
int(1..Infinity) | Infinity => Infinity | int(1..Infinity)
int(1..Infinity) | NaN => NaN | int(1..Infinity)
int(1..Infinity) | 0..1 => 0..1
int(1..Infinity) | 0..2 => 0..2
int(1..Infinity) | 1..2 => 1..2
int(1..Infinity) | 0..Infinity => 0..Infinity
int(1..Infinity) | 1..Infinity => 1..Infinity
int(1..Infinity) | -Infinity..0 => int(1..Infinity) | -Infinity..0
int(1..Infinity) | -Infinity..Infinity => -Infinity..Infinity
int(1..Infinity) | int(0..1) => int(0..Infinity)
int(1..Infinity) | int(0..2) => int(0..Infinity)
int(1..Infinity) | int(1..2) => int(1..Infinity)
int(1..Infinity) | int(0..Infinity) => int(0..Infinity)
int(1..Infinity) | int(1..Infinity) => int(1..Infinity)
int(1..Infinity) | int(-Infinity..0) => int(-Infinity..Infinity)
int(1..Infinity) | int(-Infinity..Infinity) => int(-Infinity..Infinity)
int(1..Infinity) | string => int(1..Infinity) | string
int(1..Infinity) | \\"\\" => int(1..Infinity) | \\"\\"
int(1..Infinity) | \\"foo\\" => int(1..Infinity) | \\"foo\\"
int(1..Infinity) | \\"bar\\" => int(1..Infinity) | \\"bar\\"
int(1..Infinity) | null => int(1..Infinity) | null
int(-Infinity..0) | never => int(-Infinity..0)
int(-Infinity..0) | any => any
int(-Infinity..0) | number => number
int(-Infinity..0) | -2 => int(-Infinity..0)
int(-Infinity..0) | -1 => int(-Infinity..0)
int(-Infinity..0) | 0 => int(-Infinity..0)
int(-Infinity..0) | 1 => int(-Infinity..1)
int(-Infinity..0) | 2 => 2 | int(-Infinity..0)
int(-Infinity..0) | 10 => 10 | int(-Infinity..0)
int(-Infinity..0) | 100 => 100 | int(-Infinity..0)
int(-Infinity..0) | -Infinity => -Infinity | int(-Infinity..0)
int(-Infinity..0) | Infinity => Infinity | int(-Infinity..0)
int(-Infinity..0) | NaN => NaN | int(-Infinity..0)
int(-Infinity..0) | 0..1 => int(-Infinity..0) | 0..1
int(-Infinity..0) | 0..2 => int(-Infinity..0) | 0..2
int(-Infinity..0) | 1..2 => int(-Infinity..0) | 1..2
int(-Infinity..0) | 0..Infinity => int(-Infinity..0) | 0..Infinity
int(-Infinity..0) | 1..Infinity => int(-Infinity..0) | 1..Infinity
int(-Infinity..0) | -Infinity..0 => -Infinity..0
int(-Infinity..0) | -Infinity..Infinity => -Infinity..Infinity
int(-Infinity..0) | int(0..1) => int(-Infinity..1)
int(-Infinity..0) | int(0..2) => int(-Infinity..2)
int(-Infinity..0) | int(1..2) => int(-Infinity..2)
int(-Infinity..0) | int(0..Infinity) => int(-Infinity..Infinity)
int(-Infinity..0) | int(1..Infinity) => int(-Infinity..Infinity)
int(-Infinity..0) | int(-Infinity..0) => int(-Infinity..0)
int(-Infinity..0) | int(-Infinity..Infinity) => int(-Infinity..Infinity)
int(-Infinity..0) | string => int(-Infinity..0) | string
int(-Infinity..0) | \\"\\" => int(-Infinity..0) | \\"\\"
int(-Infinity..0) | \\"foo\\" => int(-Infinity..0) | \\"foo\\"
int(-Infinity..0) | \\"bar\\" => int(-Infinity..0) | \\"bar\\"
int(-Infinity..0) | null => int(-Infinity..0) | null
int(-Infinity..Infinity) | never => int(-Infinity..Infinity)
int(-Infinity..Infinity) | any => any
int(-Infinity..Infinity) | number => number
int(-Infinity..Infinity) | -2 => int(-Infinity..Infinity)
int(-Infinity..Infinity) | -1 => int(-Infinity..Infinity)
int(-Infinity..Infinity) | 0 => int(-Infinity..Infinity)
int(-Infinity..Infinity) | 1 => int(-Infinity..Infinity)
int(-Infinity..Infinity) | 2 => int(-Infinity..Infinity)
int(-Infinity..Infinity) | 10 => int(-Infinity..Infinity)
int(-Infinity..Infinity) | 100 => int(-Infinity..Infinity)
int(-Infinity..Infinity) | -Infinity => -Infinity | int(-Infinity..Infinity)
int(-Infinity..Infinity) | Infinity => Infinity | int(-Infinity..Infinity)
int(-Infinity..Infinity) | NaN => NaN | int(-Infinity..Infinity)
int(-Infinity..Infinity) | 0..1 => int(-Infinity..Infinity) | 0..1
int(-Infinity..Infinity) | 0..2 => int(-Infinity..Infinity) | 0..2
int(-Infinity..Infinity) | 1..2 => int(-Infinity..Infinity) | 1..2
int(-Infinity..Infinity) | 0..Infinity => int(-Infinity..Infinity) | 0..Infinity
int(-Infinity..Infinity) | 1..Infinity => int(-Infinity..Infinity) | 1..Infinity
int(-Infinity..Infinity) | -Infinity..0 => -Infinity..0
int(-Infinity..Infinity) | -Infinity..Infinity => -Infinity..Infinity
int(-Infinity..Infinity) | int(0..1) => int(-Infinity..Infinity)
int(-Infinity..Infinity) | int(0..2) => int(-Infinity..Infinity)
int(-Infinity..Infinity) | int(1..2) => int(-Infinity..Infinity)
int(-Infinity..Infinity) | int(0..Infinity) => int(-Infinity..Infinity)
int(-Infinity..Infinity) | int(1..Infinity) => int(-Infinity..Infinity)
int(-Infinity..Infinity) | int(-Infinity..0) => int(-Infinity..Infinity)
int(-Infinity..Infinity) | int(-Infinity..Infinity) => int(-Infinity..Infinity)
int(-Infinity..Infinity) | string => int(-Infinity..Infinity) | string
int(-Infinity..Infinity) | \\"\\" => int(-Infinity..Infinity) | \\"\\"
int(-Infinity..Infinity) | \\"foo\\" => int(-Infinity..Infinity) | \\"foo\\"
int(-Infinity..Infinity) | \\"bar\\" => int(-Infinity..Infinity) | \\"bar\\"
int(-Infinity..Infinity) | null => int(-Infinity..Infinity) | null
string | never => string
string | any => any
string | number => number | string
string | -2 => -2 | string
string | -1 => -1 | string
string | 0 => 0 | string
string | 1 => 1 | string
string | 2 => 2 | string
string | 10 => 10 | string
string | 100 => 100 | string
string | -Infinity => -Infinity | string
string | Infinity => Infinity | string
string | NaN => NaN | string
string | 0..1 => 0..1 | string
string | 0..2 => 0..2 | string
string | 1..2 => 1..2 | string
string | 0..Infinity => 0..Infinity | string
string | 1..Infinity => 1..Infinity | string
string | -Infinity..0 => -Infinity..0 | string
string | -Infinity..Infinity => -Infinity..Infinity | string
string | int(0..1) => int(0..1) | string
string | int(0..2) => int(0..2) | string
string | int(1..2) => int(1..2) | string
string | int(0..Infinity) => int(0..Infinity) | string
string | int(1..Infinity) => int(1..Infinity) | string
string | int(-Infinity..0) => int(-Infinity..0) | string
string | int(-Infinity..Infinity) => int(-Infinity..Infinity) | string
string | string => string
string | \\"\\" => string
string | \\"foo\\" => string
string | \\"bar\\" => string
string | null => string | null
\\"\\" | never => \\"\\"
\\"\\" | any => any
\\"\\" | number => number | \\"\\"
\\"\\" | -2 => -2 | \\"\\"
\\"\\" | -1 => -1 | \\"\\"
\\"\\" | 0 => 0 | \\"\\"
\\"\\" | 1 => 1 | \\"\\"
\\"\\" | 2 => 2 | \\"\\"
\\"\\" | 10 => 10 | \\"\\"
\\"\\" | 100 => 100 | \\"\\"
\\"\\" | -Infinity => -Infinity | \\"\\"
\\"\\" | Infinity => Infinity | \\"\\"
\\"\\" | NaN => NaN | \\"\\"
\\"\\" | 0..1 => 0..1 | \\"\\"
\\"\\" | 0..2 => 0..2 | \\"\\"
\\"\\" | 1..2 => 1..2 | \\"\\"
\\"\\" | 0..Infinity => 0..Infinity | \\"\\"
\\"\\" | 1..Infinity => 1..Infinity | \\"\\"
\\"\\" | -Infinity..0 => -Infinity..0 | \\"\\"
\\"\\" | -Infinity..Infinity => -Infinity..Infinity | \\"\\"
\\"\\" | int(0..1) => int(0..1) | \\"\\"
\\"\\" | int(0..2) => int(0..2) | \\"\\"
\\"\\" | int(1..2) => int(1..2) | \\"\\"
\\"\\" | int(0..Infinity) => int(0..Infinity) | \\"\\"
\\"\\" | int(1..Infinity) => int(1..Infinity) | \\"\\"
\\"\\" | int(-Infinity..0) => int(-Infinity..0) | \\"\\"
\\"\\" | int(-Infinity..Infinity) => int(-Infinity..Infinity) | \\"\\"
\\"\\" | string => string
\\"\\" | \\"\\" => \\"\\"
\\"\\" | \\"foo\\" => \\"\\" | \\"foo\\"
\\"\\" | \\"bar\\" => \\"\\" | \\"bar\\"
\\"\\" | null => \\"\\" | null
\\"foo\\" | never => \\"foo\\"
\\"foo\\" | any => any
\\"foo\\" | number => number | \\"foo\\"
\\"foo\\" | -2 => -2 | \\"foo\\"
\\"foo\\" | -1 => -1 | \\"foo\\"
\\"foo\\" | 0 => 0 | \\"foo\\"
\\"foo\\" | 1 => 1 | \\"foo\\"
\\"foo\\" | 2 => 2 | \\"foo\\"
\\"foo\\" | 10 => 10 | \\"foo\\"
\\"foo\\" | 100 => 100 | \\"foo\\"
\\"foo\\" | -Infinity => -Infinity | \\"foo\\"
\\"foo\\" | Infinity => Infinity | \\"foo\\"
\\"foo\\" | NaN => NaN | \\"foo\\"
\\"foo\\" | 0..1 => 0..1 | \\"foo\\"
\\"foo\\" | 0..2 => 0..2 | \\"foo\\"
\\"foo\\" | 1..2 => 1..2 | \\"foo\\"
\\"foo\\" | 0..Infinity => 0..Infinity | \\"foo\\"
\\"foo\\" | 1..Infinity => 1..Infinity | \\"foo\\"
\\"foo\\" | -Infinity..0 => -Infinity..0 | \\"foo\\"
\\"foo\\" | -Infinity..Infinity => -Infinity..Infinity | \\"foo\\"
\\"foo\\" | int(0..1) => int(0..1) | \\"foo\\"
\\"foo\\" | int(0..2) => int(0..2) | \\"foo\\"
\\"foo\\" | int(1..2) => int(1..2) | \\"foo\\"
\\"foo\\" | int(0..Infinity) => int(0..Infinity) | \\"foo\\"
\\"foo\\" | int(1..Infinity) => int(1..Infinity) | \\"foo\\"
\\"foo\\" | int(-Infinity..0) => int(-Infinity..0) | \\"foo\\"
\\"foo\\" | int(-Infinity..Infinity) => int(-Infinity..Infinity) | \\"foo\\"
\\"foo\\" | string => string
\\"foo\\" | \\"\\" => \\"\\" | \\"foo\\"
\\"foo\\" | \\"foo\\" => \\"foo\\"
\\"foo\\" | \\"bar\\" => \\"bar\\" | \\"foo\\"
\\"foo\\" | null => \\"foo\\" | null
\\"bar\\" | never => \\"bar\\"
\\"bar\\" | any => any
\\"bar\\" | number => number | \\"bar\\"
\\"bar\\" | -2 => -2 | \\"bar\\"
\\"bar\\" | -1 => -1 | \\"bar\\"
\\"bar\\" | 0 => 0 | \\"bar\\"
\\"bar\\" | 1 => 1 | \\"bar\\"
\\"bar\\" | 2 => 2 | \\"bar\\"
\\"bar\\" | 10 => 10 | \\"bar\\"
\\"bar\\" | 100 => 100 | \\"bar\\"
\\"bar\\" | -Infinity => -Infinity | \\"bar\\"
\\"bar\\" | Infinity => Infinity | \\"bar\\"
\\"bar\\" | NaN => NaN | \\"bar\\"
\\"bar\\" | 0..1 => 0..1 | \\"bar\\"
\\"bar\\" | 0..2 => 0..2 | \\"bar\\"
\\"bar\\" | 1..2 => 1..2 | \\"bar\\"
\\"bar\\" | 0..Infinity => 0..Infinity | \\"bar\\"
\\"bar\\" | 1..Infinity => 1..Infinity | \\"bar\\"
\\"bar\\" | -Infinity..0 => -Infinity..0 | \\"bar\\"
\\"bar\\" | -Infinity..Infinity => -Infinity..Infinity | \\"bar\\"
\\"bar\\" | int(0..1) => int(0..1) | \\"bar\\"
\\"bar\\" | int(0..2) => int(0..2) | \\"bar\\"
\\"bar\\" | int(1..2) => int(1..2) | \\"bar\\"
\\"bar\\" | int(0..Infinity) => int(0..Infinity) | \\"bar\\"
\\"bar\\" | int(1..Infinity) => int(1..Infinity) | \\"bar\\"
\\"bar\\" | int(-Infinity..0) => int(-Infinity..0) | \\"bar\\"
\\"bar\\" | int(-Infinity..Infinity) => int(-Infinity..Infinity) | \\"bar\\"
\\"bar\\" | string => string
\\"bar\\" | \\"\\" => \\"\\" | \\"bar\\"
\\"bar\\" | \\"foo\\" => \\"bar\\" | \\"foo\\"
\\"bar\\" | \\"bar\\" => \\"bar\\"
\\"bar\\" | null => \\"bar\\" | null
null | never => null
null | any => any
null | number => number | null
null | -2 => -2 | null
null | -1 => -1 | null
null | 0 => 0 | null
null | 1 => 1 | null
null | 2 => 2 | null
null | 10 => 10 | null
null | 100 => 100 | null
null | -Infinity => -Infinity | null
null | Infinity => Infinity | null
null | NaN => NaN | null
null | 0..1 => 0..1 | null
null | 0..2 => 0..2 | null
null | 1..2 => 1..2 | null
null | 0..Infinity => 0..Infinity | null
null | 1..Infinity => 1..Infinity | null
null | -Infinity..0 => -Infinity..0 | null
null | -Infinity..Infinity => -Infinity..Infinity | null
null | int(0..1) => int(0..1) | null
null | int(0..2) => int(0..2) | null
null | int(1..2) => int(1..2) | null
null | int(0..Infinity) => int(0..Infinity) | null
null | int(1..Infinity) => int(1..Infinity) | null
null | int(-Infinity..0) => int(-Infinity..0) | null
null | int(-Infinity..Infinity) => int(-Infinity..Infinity) | null
null | string => string | null
null | \\"\\" => \\"\\" | null
null | \\"foo\\" => \\"foo\\" | null
null | \\"bar\\" => \\"bar\\" | null
null | null => null
never & never => never
never & any => never
never & number => never
never & -2 => never
never & -1 => never
never & 0 => never
never & 1 => never
never & 2 => never
never & 10 => never
never & 100 => never
never & -Infinity => never
never & Infinity => never
never & NaN => never
never & 0..1 => never
never & 0..2 => never
never & 1..2 => never
never & 0..Infinity => never
never & 1..Infinity => never
never & -Infinity..0 => never
never & -Infinity..Infinity => never
never & int(0..1) => never
never & int(0..2) => never
never & int(1..2) => never
never & int(0..Infinity) => never
never & int(1..Infinity) => never
never & int(-Infinity..0) => never
never & int(-Infinity..Infinity) => never
never & string => never
never & \\"\\" => never
never & \\"foo\\" => never
never & \\"bar\\" => never
never & null => never
any & never => never
any & any => any
any & number => number
any & -2 => -2
any & -1 => -1
any & 0 => 0
any & 1 => 1
any & 2 => 2
any & 10 => 10
any & 100 => 100
any & -Infinity => -Infinity
any & Infinity => Infinity
any & NaN => NaN
any & 0..1 => 0..1
any & 0..2 => 0..2
any & 1..2 => 1..2
any & 0..Infinity => 0..Infinity
any & 1..Infinity => 1..Infinity
any & -Infinity..0 => -Infinity..0
any & -Infinity..Infinity => -Infinity..Infinity
any & int(0..1) => int(0..1)
any & int(0..2) => int(0..2)
any & int(1..2) => int(1..2)
any & int(0..Infinity) => int(0..Infinity)
any & int(1..Infinity) => int(1..Infinity)
any & int(-Infinity..0) => int(-Infinity..0)
any & int(-Infinity..Infinity) => int(-Infinity..Infinity)
any & string => string
any & \\"\\" => \\"\\"
any & \\"foo\\" => \\"foo\\"
any & \\"bar\\" => \\"bar\\"
any & null => null
number & never => never
number & any => number
number & number => number
number & -2 => -2
number & -1 => -1
number & 0 => 0
number & 1 => 1
number & 2 => 2
number & 10 => 10
number & 100 => 100
number & -Infinity => -Infinity
number & Infinity => Infinity
number & NaN => NaN
number & 0..1 => 0..1
number & 0..2 => 0..2
number & 1..2 => 1..2
number & 0..Infinity => 0..Infinity
number & 1..Infinity => 1..Infinity
number & -Infinity..0 => -Infinity..0
number & -Infinity..Infinity => -Infinity..Infinity
number & int(0..1) => int(0..1)
number & int(0..2) => int(0..2)
number & int(1..2) => int(1..2)
number & int(0..Infinity) => int(0..Infinity)
number & int(1..Infinity) => int(1..Infinity)
number & int(-Infinity..0) => int(-Infinity..0)
number & int(-Infinity..Infinity) => int(-Infinity..Infinity)
number & string => never
number & \\"\\" => never
number & \\"foo\\" => never
number & \\"bar\\" => never
number & null => never
-2 & never => never
-2 & any => -2
-2 & number => -2
-2 & -2 => -2
-2 & -1 => never
-2 & 0 => never
-2 & 1 => never
-2 & 2 => never
-2 & 10 => never
-2 & 100 => never
-2 & -Infinity => never
-2 & Infinity => never
-2 & NaN => never
-2 & 0..1 => never
-2 & 0..2 => never
-2 & 1..2 => never
-2 & 0..Infinity => never
-2 & 1..Infinity => never
-2 & -Infinity..0 => -2
-2 & -Infinity..Infinity => -2
-2 & int(0..1) => never
-2 & int(0..2) => never
-2 & int(1..2) => never
-2 & int(0..Infinity) => never
-2 & int(1..Infinity) => never
-2 & int(-Infinity..0) => -2
-2 & int(-Infinity..Infinity) => -2
-2 & string => never
-2 & \\"\\" => never
-2 & \\"foo\\" => never
-2 & \\"bar\\" => never
-2 & null => never
-1 & never => never
-1 & any => -1
-1 & number => -1
-1 & -2 => never
-1 & -1 => -1
-1 & 0 => never
-1 & 1 => never
-1 & 2 => never
-1 & 10 => never
-1 & 100 => never
-1 & -Infinity => never
-1 & Infinity => never
-1 & NaN => never
-1 & 0..1 => never
-1 & 0..2 => never
-1 & 1..2 => never
-1 & 0..Infinity => never
-1 & 1..Infinity => never
-1 & -Infinity..0 => -1
-1 & -Infinity..Infinity => -1
-1 & int(0..1) => never
-1 & int(0..2) => never
-1 & int(1..2) => never
-1 & int(0..Infinity) => never
-1 & int(1..Infinity) => never
-1 & int(-Infinity..0) => -1
-1 & int(-Infinity..Infinity) => -1
-1 & string => never
-1 & \\"\\" => never
-1 & \\"foo\\" => never
-1 & \\"bar\\" => never
-1 & null => never
0 & never => never
0 & any => 0
0 & number => 0
0 & -2 => never
0 & -1 => never
0 & 0 => 0
0 & 1 => never
0 & 2 => never
0 & 10 => never
0 & 100 => never
0 & -Infinity => never
0 & Infinity => never
0 & NaN => never
0 & 0..1 => 0
0 & 0..2 => 0
0 & 1..2 => never
0 & 0..Infinity => 0
0 & 1..Infinity => never
0 & -Infinity..0 => 0
0 & -Infinity..Infinity => 0
0 & int(0..1) => 0
0 & int(0..2) => 0
0 & int(1..2) => never
0 & int(0..Infinity) => 0
0 & int(1..Infinity) => never
0 & int(-Infinity..0) => 0
0 & int(-Infinity..Infinity) => 0
0 & string => never
0 & \\"\\" => never
0 & \\"foo\\" => never
0 & \\"bar\\" => never
0 & null => never
1 & never => never
1 & any => 1
1 & number => 1
1 & -2 => never
1 & -1 => never
1 & 0 => never
1 & 1 => 1
1 & 2 => never
1 & 10 => never
1 & 100 => never
1 & -Infinity => never
1 & Infinity => never
1 & NaN => never
1 & 0..1 => 1
1 & 0..2 => 1
1 & 1..2 => 1
1 & 0..Infinity => 1
1 & 1..Infinity => 1
1 & -Infinity..0 => never
1 & -Infinity..Infinity => 1
1 & int(0..1) => 1
1 & int(0..2) => 1
1 & int(1..2) => 1
1 & int(0..Infinity) => 1
1 & int(1..Infinity) => 1
1 & int(-Infinity..0) => never
1 & int(-Infinity..Infinity) => 1
1 & string => never
1 & \\"\\" => never
1 & \\"foo\\" => never
1 & \\"bar\\" => never
1 & null => never
2 & never => never
2 & any => 2
2 & number => 2
2 & -2 => never
2 & -1 => never
2 & 0 => never
2 & 1 => never
2 & 2 => 2
2 & 10 => never
2 & 100 => never
2 & -Infinity => never
2 & Infinity => never
2 & NaN => never
2 & 0..1 => never
2 & 0..2 => 2
2 & 1..2 => 2
2 & 0..Infinity => 2
2 & 1..Infinity => 2
2 & -Infinity..0 => never
2 & -Infinity..Infinity => 2
2 & int(0..1) => never
2 & int(0..2) => 2
2 & int(1..2) => 2
2 & int(0..Infinity) => 2
2 & int(1..Infinity) => 2
2 & int(-Infinity..0) => never
2 & int(-Infinity..Infinity) => 2
2 & string => never
2 & \\"\\" => never
2 & \\"foo\\" => never
2 & \\"bar\\" => never
2 & null => never
10 & never => never
10 & any => 10
10 & number => 10
10 & -2 => never
10 & -1 => never
10 & 0 => never
10 & 1 => never
10 & 2 => never
10 & 10 => 10
10 & 100 => never
10 & -Infinity => never
10 & Infinity => never
10 & NaN => never
10 & 0..1 => never
10 & 0..2 => never
10 & 1..2 => never
10 & 0..Infinity => 10
10 & 1..Infinity => 10
10 & -Infinity..0 => never
10 & -Infinity..Infinity => 10
10 & int(0..1) => never
10 & int(0..2) => never
10 & int(1..2) => never
10 & int(0..Infinity) => 10
10 & int(1..Infinity) => 10
10 & int(-Infinity..0) => never
10 & int(-Infinity..Infinity) => 10
10 & string => never
10 & \\"\\" => never
10 & \\"foo\\" => never
10 & \\"bar\\" => never
10 & null => never
100 & never => never
100 & any => 100
100 & number => 100
100 & -2 => never
100 & -1 => never
100 & 0 => never
100 & 1 => never
100 & 2 => never
100 & 10 => never
100 & 100 => 100
100 & -Infinity => never
100 & Infinity => never
100 & NaN => never
100 & 0..1 => never
100 & 0..2 => never
100 & 1..2 => never
100 & 0..Infinity => 100
100 & 1..Infinity => 100
100 & -Infinity..0 => never
100 & -Infinity..Infinity => 100
100 & int(0..1) => never
100 & int(0..2) => never
100 & int(1..2) => never
100 & int(0..Infinity) => 100
100 & int(1..Infinity) => 100
100 & int(-Infinity..0) => never
100 & int(-Infinity..Infinity) => 100
100 & string => never
100 & \\"\\" => never
100 & \\"foo\\" => never
100 & \\"bar\\" => never
100 & null => never
-Infinity & never => never
-Infinity & any => -Infinity
-Infinity & number => -Infinity
-Infinity & -2 => never
-Infinity & -1 => never
-Infinity & 0 => never
-Infinity & 1 => never
-Infinity & 2 => never
-Infinity & 10 => never
-Infinity & 100 => never
-Infinity & -Infinity => -Infinity
-Infinity & Infinity => never
-Infinity & NaN => never
-Infinity & 0..1 => never
-Infinity & 0..2 => never
-Infinity & 1..2 => never
-Infinity & 0..Infinity => never
-Infinity & 1..Infinity => never
-Infinity & -Infinity..0 => -Infinity
-Infinity & -Infinity..Infinity => -Infinity
-Infinity & int(0..1) => never
-Infinity & int(0..2) => never
-Infinity & int(1..2) => never
-Infinity & int(0..Infinity) => never
-Infinity & int(1..Infinity) => never
-Infinity & int(-Infinity..0) => never
-Infinity & int(-Infinity..Infinity) => never
-Infinity & string => never
-Infinity & \\"\\" => never
-Infinity & \\"foo\\" => never
-Infinity & \\"bar\\" => never
-Infinity & null => never
Infinity & never => never
Infinity & any => Infinity
Infinity & number => Infinity
Infinity & -2 => never
Infinity & -1 => never
Infinity & 0 => never
Infinity & 1 => never
Infinity & 2 => never
Infinity & 10 => never
Infinity & 100 => never
Infinity & -Infinity => never
Infinity & Infinity => Infinity
Infinity & NaN => never
Infinity & 0..1 => never
Infinity & 0..2 => never
Infinity & 1..2 => never
Infinity & 0..Infinity => Infinity
Infinity & 1..Infinity => Infinity
Infinity & -Infinity..0 => never
Infinity & -Infinity..Infinity => Infinity
Infinity & int(0..1) => never
Infinity & int(0..2) => never
Infinity & int(1..2) => never
Infinity & int(0..Infinity) => never
Infinity & int(1..Infinity) => never
Infinity & int(-Infinity..0) => never
Infinity & int(-Infinity..Infinity) => never
Infinity & string => never
Infinity & \\"\\" => never
Infinity & \\"foo\\" => never
Infinity & \\"bar\\" => never
Infinity & null => never
NaN & never => never
NaN & any => NaN
NaN & number => NaN
NaN & -2 => never
NaN & -1 => never
NaN & 0 => never
NaN & 1 => never
NaN & 2 => never
NaN & 10 => never
NaN & 100 => never
NaN & -Infinity => never
NaN & Infinity => never
NaN & NaN => NaN
NaN & 0..1 => never
NaN & 0..2 => never
NaN & 1..2 => never
NaN & 0..Infinity => never
NaN & 1..Infinity => never
NaN & -Infinity..0 => never
NaN & -Infinity..Infinity => never
NaN & int(0..1) => never
NaN & int(0..2) => never
NaN & int(1..2) => never
NaN & int(0..Infinity) => never
NaN & int(1..Infinity) => never
NaN & int(-Infinity..0) => never
NaN & int(-Infinity..Infinity) => never
NaN & string => never
NaN & \\"\\" => never
NaN & \\"foo\\" => never
NaN & \\"bar\\" => never
NaN & null => never
0..1 & never => never
0..1 & any => 0..1
0..1 & number => 0..1
0..1 & -2 => never
0..1 & -1 => never
0..1 & 0 => 0
0..1 & 1 => 1
0..1 & 2 => never
0..1 & 10 => never
0..1 & 100 => never
0..1 & -Infinity => never
0..1 & Infinity => never
0..1 & NaN => never
0..1 & 0..1 => 0..1
0..1 & 0..2 => 0..1
0..1 & 1..2 => 1
0..1 & 0..Infinity => 0..1
0..1 & 1..Infinity => 1
0..1 & -Infinity..0 => 0
0..1 & -Infinity..Infinity => 0..1
0..1 & int(0..1) => int(0..1)
0..1 & int(0..2) => int(0..1)
0..1 & int(1..2) => 1
0..1 & int(0..Infinity) => int(0..1)
0..1 & int(1..Infinity) => 1
0..1 & int(-Infinity..0) => 0
0..1 & int(-Infinity..Infinity) => int(0..1)
0..1 & string => never
0..1 & \\"\\" => never
0..1 & \\"foo\\" => never
0..1 & \\"bar\\" => never
0..1 & null => never
0..2 & never => never
0..2 & any => 0..2
0..2 & number => 0..2
0..2 & -2 => never
0..2 & -1 => never
0..2 & 0 => 0
0..2 & 1 => 1
0..2 & 2 => 2
0..2 & 10 => never
0..2 & 100 => never
0..2 & -Infinity => never
0..2 & Infinity => never
0..2 & NaN => never
0..2 & 0..1 => 0..1
0..2 & 0..2 => 0..2
0..2 & 1..2 => 1..2
0..2 & 0..Infinity => 0..2
0..2 & 1..Infinity => 1..2
0..2 & -Infinity..0 => 0
0..2 & -Infinity..Infinity => 0..2
0..2 & int(0..1) => int(0..1)
0..2 & int(0..2) => int(0..2)
0..2 & int(1..2) => int(1..2)
0..2 & int(0..Infinity) => int(0..2)
0..2 & int(1..Infinity) => int(1..2)
0..2 & int(-Infinity..0) => 0
0..2 & int(-Infinity..Infinity) => int(0..2)
0..2 & string => never
0..2 & \\"\\" => never
0..2 & \\"foo\\" => never
0..2 & \\"bar\\" => never
0..2 & null => never
1..2 & never => never
1..2 & any => 1..2
1..2 & number => 1..2
1..2 & -2 => never
1..2 & -1 => never
1..2 & 0 => never
1..2 & 1 => 1
1..2 & 2 => 2
1..2 & 10 => never
1..2 & 100 => never
1..2 & -Infinity => never
1..2 & Infinity => never
1..2 & NaN => never
1..2 & 0..1 => 1
1..2 & 0..2 => 1..2
1..2 & 1..2 => 1..2
1..2 & 0..Infinity => 1..2
1..2 & 1..Infinity => 1..2
1..2 & -Infinity..0 => never
1..2 & -Infinity..Infinity => 1..2
1..2 & int(0..1) => 1
1..2 & int(0..2) => int(1..2)
1..2 & int(1..2) => int(1..2)
1..2 & int(0..Infinity) => int(1..2)
1..2 & int(1..Infinity) => int(1..2)
1..2 & int(-Infinity..0) => never
1..2 & int(-Infinity..Infinity) => int(1..2)
1..2 & string => never
1..2 & \\"\\" => never
1..2 & \\"foo\\" => never
1..2 & \\"bar\\" => never
1..2 & null => never
0..Infinity & never => never
0..Infinity & any => 0..Infinity
0..Infinity & number => 0..Infinity
0..Infinity & -2 => never
0..Infinity & -1 => never
0..Infinity & 0 => 0
0..Infinity & 1 => 1
0..Infinity & 2 => 2
0..Infinity & 10 => 10
0..Infinity & 100 => 100
0..Infinity & -Infinity => never
0..Infinity & Infinity => Infinity
0..Infinity & NaN => never
0..Infinity & 0..1 => 0..1
0..Infinity & 0..2 => 0..2
0..Infinity & 1..2 => 1..2
0..Infinity & 0..Infinity => 0..Infinity
0..Infinity & 1..Infinity => 1..Infinity
0..Infinity & -Infinity..0 => 0
0..Infinity & -Infinity..Infinity => 0..Infinity
0..Infinity & int(0..1) => int(0..1)
0..Infinity & int(0..2) => int(0..2)
0..Infinity & int(1..2) => int(1..2)
0..Infinity & int(0..Infinity) => int(0..Infinity)
0..Infinity & int(1..Infinity) => int(1..Infinity)
0..Infinity & int(-Infinity..0) => 0
0..Infinity & int(-Infinity..Infinity) => int(0..Infinity)
0..Infinity & string => never
0..Infinity & \\"\\" => never
0..Infinity & \\"foo\\" => never
0..Infinity & \\"bar\\" => never
0..Infinity & null => never
1..Infinity & never => never
1..Infinity & any => 1..Infinity
1..Infinity & number => 1..Infinity
1..Infinity & -2 => never
1..Infinity & -1 => never
1..Infinity & 0 => never
1..Infinity & 1 => 1
1..Infinity & 2 => 2
1..Infinity & 10 => 10
1..Infinity & 100 => 100
1..Infinity & -Infinity => never
1..Infinity & Infinity => Infinity
1..Infinity & NaN => never
1..Infinity & 0..1 => 1
1..Infinity & 0..2 => 1..2
1..Infinity & 1..2 => 1..2
1..Infinity & 0..Infinity => 1..Infinity
1..Infinity & 1..Infinity => 1..Infinity
1..Infinity & -Infinity..0 => never
1..Infinity & -Infinity..Infinity => 1..Infinity
1..Infinity & int(0..1) => 1
1..Infinity & int(0..2) => int(1..2)
1..Infinity & int(1..2) => int(1..2)
1..Infinity & int(0..Infinity) => int(1..Infinity)
1..Infinity & int(1..Infinity) => int(1..Infinity)
1..Infinity & int(-Infinity..0) => never
1..Infinity & int(-Infinity..Infinity) => int(1..Infinity)
1..Infinity & string => never
1..Infinity & \\"\\" => never
1..Infinity & \\"foo\\" => never
1..Infinity & \\"bar\\" => never
1..Infinity & null => never
-Infinity..0 & never => never
-Infinity..0 & any => -Infinity..0
-Infinity..0 & number => -Infinity..0
-Infinity..0 & -2 => -2
-Infinity..0 & -1 => -1
-Infinity..0 & 0 => 0
-Infinity..0 & 1 => never
-Infinity..0 & 2 => never
-Infinity..0 & 10 => never
-Infinity..0 & 100 => never
-Infinity..0 & -Infinity => -Infinity
-Infinity..0 & Infinity => never
-Infinity..0 & NaN => never
-Infinity..0 & 0..1 => 0
-Infinity..0 & 0..2 => 0
-Infinity..0 & 1..2 => never
-Infinity..0 & 0..Infinity => 0
-Infinity..0 & 1..Infinity => never
-Infinity..0 & -Infinity..0 => -Infinity..0
-Infinity..0 & -Infinity..Infinity => -Infinity..0
-Infinity..0 & int(0..1) => 0
-Infinity..0 & int(0..2) => 0
-Infinity..0 & int(1..2) => never
-Infinity..0 & int(0..Infinity) => 0
-Infinity..0 & int(1..Infinity) => never
-Infinity..0 & int(-Infinity..0) => int(-Infinity..0)
-Infinity..0 & int(-Infinity..Infinity) => int(-Infinity..0)
-Infinity..0 & string => never
-Infinity..0 & \\"\\" => never
-Infinity..0 & \\"foo\\" => never
-Infinity..0 & \\"bar\\" => never
-Infinity..0 & null => never
-Infinity..Infinity & never => never
-Infinity..Infinity & any => -Infinity..Infinity
-Infinity..Infinity & number => -Infinity..Infinity
-Infinity..Infinity & -2 => -2
-Infinity..Infinity & -1 => -1
-Infinity..Infinity & 0 => 0
-Infinity..Infinity & 1 => 1
-Infinity..Infinity & 2 => 2
-Infinity..Infinity & 10 => 10
-Infinity..Infinity & 100 => 100
-Infinity..Infinity & -Infinity => -Infinity
-Infinity..Infinity & Infinity => Infinity
-Infinity..Infinity & NaN => never
-Infinity..Infinity & 0..1 => 0..1
-Infinity..Infinity & 0..2 => 0..2
-Infinity..Infinity & 1..2 => 1..2
-Infinity..Infinity & 0..Infinity => 0..Infinity
-Infinity..Infinity & 1..Infinity => 1..Infinity
-Infinity..Infinity & -Infinity..0 => -Infinity..0
-Infinity..Infinity & -Infinity..Infinity => -Infinity..Infinity
-Infinity..Infinity & int(0..1) => int(0..1)
-Infinity..Infinity & int(0..2) => int(0..2)
-Infinity..Infinity & int(1..2) => int(1..2)
-Infinity..Infinity & int(0..Infinity) => int(0..Infinity)
-Infinity..Infinity & int(1..Infinity) => int(1..Infinity)
-Infinity..Infinity & int(-Infinity..0) => int(-Infinity..0)
-Infinity..Infinity & int(-Infinity..Infinity) => int(-Infinity..Infinity)
-Infinity..Infinity & string => never
-Infinity..Infinity & \\"\\" => never
-Infinity..Infinity & \\"foo\\" => never
-Infinity..Infinity & \\"bar\\" => never
-Infinity..Infinity & null => never
int(0..1) & never => never
int(0..1) & any => int(0..1)
int(0..1) & number => int(0..1)
int(0..1) & -2 => never
int(0..1) & -1 => never
int(0..1) & 0 => 0
int(0..1) & 1 => 1
int(0..1) & 2 => never
int(0..1) & 10 => never
int(0..1) & 100 => never
int(0..1) & -Infinity => never
int(0..1) & Infinity => never
int(0..1) & NaN => never
int(0..1) & 0..1 => int(0..1)
int(0..1) & 0..2 => int(0..1)
int(0..1) & 1..2 => 1
int(0..1) & 0..Infinity => int(0..1)
int(0..1) & 1..Infinity => 1
int(0..1) & -Infinity..0 => 0
int(0..1) & -Infinity..Infinity => int(0..1)
int(0..1) & int(0..1) => int(0..1)
int(0..1) & int(0..2) => int(0..1)
int(0..1) & int(1..2) => 1
int(0..1) & int(0..Infinity) => int(0..1)
int(0..1) & int(1..Infinity) => 1
int(0..1) & int(-Infinity..0) => 0
int(0..1) & int(-Infinity..Infinity) => int(0..1)
int(0..1) & string => never
int(0..1) & \\"\\" => never
int(0..1) & \\"foo\\" => never
int(0..1) & \\"bar\\" => never
int(0..1) & null => never
int(0..2) & never => never
int(0..2) & any => int(0..2)
int(0..2) & number => int(0..2)
int(0..2) & -2 => never
int(0..2) & -1 => never
int(0..2) & 0 => 0
int(0..2) & 1 => 1
int(0..2) & 2 => 2
int(0..2) & 10 => never
int(0..2) & 100 => never
int(0..2) & -Infinity => never
int(0..2) & Infinity => never
int(0..2) & NaN => never
int(0..2) & 0..1 => int(0..1)
int(0..2) & 0..2 => int(0..2)
int(0..2) & 1..2 => int(1..2)
int(0..2) & 0..Infinity => int(0..2)
int(0..2) & 1..Infinity => int(1..2)
int(0..2) & -Infinity..0 => 0
int(0..2) & -Infinity..Infinity => int(0..2)
int(0..2) & int(0..1) => int(0..1)
int(0..2) & int(0..2) => int(0..2)
int(0..2) & int(1..2) => int(1..2)
int(0..2) & int(0..Infinity) => int(0..2)
int(0..2) & int(1..Infinity) => int(1..2)
int(0..2) & int(-Infinity..0) => 0
int(0..2) & int(-Infinity..Infinity) => int(0..2)
int(0..2) & string => never
int(0..2) & \\"\\" => never
int(0..2) & \\"foo\\" => never
int(0..2) & \\"bar\\" => never
int(0..2) & null => never
int(1..2) & never => never
int(1..2) & any => int(1..2)
int(1..2) & number => int(1..2)
int(1..2) & -2 => never
int(1..2) & -1 => never
int(1..2) & 0 => never
int(1..2) & 1 => 1
int(1..2) & 2 => 2
int(1..2) & 10 => never
int(1..2) & 100 => never
int(1..2) & -Infinity => never
int(1..2) & Infinity => never
int(1..2) & NaN => never
int(1..2) & 0..1 => 1
int(1..2) & 0..2 => int(1..2)
int(1..2) & 1..2 => int(1..2)
int(1..2) & 0..Infinity => int(1..2)
int(1..2) & 1..Infinity => int(1..2)
int(1..2) & -Infinity..0 => never
int(1..2) & -Infinity..Infinity => int(1..2)
int(1..2) & int(0..1) => 1
int(1..2) & int(0..2) => int(1..2)
int(1..2) & int(1..2) => int(1..2)
int(1..2) & int(0..Infinity) => int(1..2)
int(1..2) & int(1..Infinity) => int(1..2)
int(1..2) & int(-Infinity..0) => never
int(1..2) & int(-Infinity..Infinity) => int(1..2)
int(1..2) & string => never
int(1..2) & \\"\\" => never
int(1..2) & \\"foo\\" => never
int(1..2) & \\"bar\\" => never
int(1..2) & null => never
int(0..Infinity) & never => never
int(0..Infinity) & any => int(0..Infinity)
int(0..Infinity) & number => int(0..Infinity)
int(0..Infinity) & -2 => never
int(0..Infinity) & -1 => never
int(0..Infinity) & 0 => 0
int(0..Infinity) & 1 => 1
int(0..Infinity) & 2 => 2
int(0..Infinity) & 10 => 10
int(0..Infinity) & 100 => 100
int(0..Infinity) & -Infinity => never
int(0..Infinity) & Infinity => never
int(0..Infinity) & NaN => never
int(0..Infinity) & 0..1 => int(0..1)
int(0..Infinity) & 0..2 => int(0..2)
int(0..Infinity) & 1..2 => int(1..2)
int(0..Infinity) & 0..Infinity => int(0..Infinity)
int(0..Infinity) & 1..Infinity => int(1..Infinity)
int(0..Infinity) & -Infinity..0 => 0
int(0..Infinity) & -Infinity..Infinity => int(0..Infinity)
int(0..Infinity) & int(0..1) => int(0..1)
int(0..Infinity) & int(0..2) => int(0..2)
int(0..Infinity) & int(1..2) => int(1..2)
int(0..Infinity) & int(0..Infinity) => int(0..Infinity)
int(0..Infinity) & int(1..Infinity) => int(1..Infinity)
int(0..Infinity) & int(-Infinity..0) => 0
int(0..Infinity) & int(-Infinity..Infinity) => int(0..Infinity)
int(0..Infinity) & string => never
int(0..Infinity) & \\"\\" => never
int(0..Infinity) & \\"foo\\" => never
int(0..Infinity) & \\"bar\\" => never
int(0..Infinity) & null => never
int(1..Infinity) & never => never
int(1..Infinity) & any => int(1..Infinity)
int(1..Infinity) & number => int(1..Infinity)
int(1..Infinity) & -2 => never
int(1..Infinity) & -1 => never
int(1..Infinity) & 0 => never
int(1..Infinity) & 1 => 1
int(1..Infinity) & 2 => 2
int(1..Infinity) & 10 => 10
int(1..Infinity) & 100 => 100
int(1..Infinity) & -Infinity => never
int(1..Infinity) & Infinity => never
int(1..Infinity) & NaN => never
int(1..Infinity) & 0..1 => 1
int(1..Infinity) & 0..2 => int(1..2)
int(1..Infinity) & 1..2 => int(1..2)
int(1..Infinity) & 0..Infinity => int(1..Infinity)
int(1..Infinity) & 1..Infinity => int(1..Infinity)
int(1..Infinity) & -Infinity..0 => never
int(1..Infinity) & -Infinity..Infinity => int(1..Infinity)
int(1..Infinity) & int(0..1) => 1
int(1..Infinity) & int(0..2) => int(1..2)
int(1..Infinity) & int(1..2) => int(1..2)
int(1..Infinity) & int(0..Infinity) => int(1..Infinity)
int(1..Infinity) & int(1..Infinity) => int(1..Infinity)
int(1..Infinity) & int(-Infinity..0) => never
int(1..Infinity) & int(-Infinity..Infinity) => int(1..Infinity)
int(1..Infinity) & string => never
int(1..Infinity) & \\"\\" => never
int(1..Infinity) & \\"foo\\" => never
int(1..Infinity) & \\"bar\\" => never
int(1..Infinity) & null => never
int(-Infinity..0) & never => never
int(-Infinity..0) & any => int(-Infinity..0)
int(-Infinity..0) & number => int(-Infinity..0)
int(-Infinity..0) & -2 => -2
int(-Infinity..0) & -1 => -1
int(-Infinity..0) & 0 => 0
int(-Infinity..0) & 1 => never
int(-Infinity..0) & 2 => never
int(-Infinity..0) & 10 => never
int(-Infinity..0) & 100 => never
int(-Infinity..0) & -Infinity => never
int(-Infinity..0) & Infinity => never
int(-Infinity..0) & NaN => never
int(-Infinity..0) & 0..1 => 0
int(-Infinity..0) & 0..2 => 0
int(-Infinity..0) & 1..2 => never
int(-Infinity..0) & 0..Infinity => 0
int(-Infinity..0) & 1..Infinity => never
int(-Infinity..0) & -Infinity..0 => int(-Infinity..0)
int(-Infinity..0) & -Infinity..Infinity => int(-Infinity..0)
int(-Infinity..0) & int(0..1) => 0
int(-Infinity..0) & int(0..2) => 0
int(-Infinity..0) & int(1..2) => never
int(-Infinity..0) & int(0..Infinity) => 0
int(-Infinity..0) & int(1..Infinity) => never
int(-Infinity..0) & int(-Infinity..0) => int(-Infinity..0)
int(-Infinity..0) & int(-Infinity..Infinity) => int(-Infinity..0)
int(-Infinity..0) & string => never
int(-Infinity..0) & \\"\\" => never
int(-Infinity..0) & \\"foo\\" => never
int(-Infinity..0) & \\"bar\\" => never
int(-Infinity..0) & null => never
int(-Infinity..Infinity) & never => never
int(-Infinity..Infinity) & any => int(-Infinity..Infinity)
int(-Infinity..Infinity) & number => int(-Infinity..Infinity)
int(-Infinity..Infinity) & -2 => -2
int(-Infinity..Infinity) & -1 => -1
int(-Infinity..Infinity) & 0 => 0
int(-Infinity..Infinity) & 1 => 1
int(-Infinity..Infinity) & 2 => 2
int(-Infinity..Infinity) & 10 => 10
int(-Infinity..Infinity) & 100 => 100
int(-Infinity..Infinity) & -Infinity => never
int(-Infinity..Infinity) & Infinity => never
int(-Infinity..Infinity) & NaN => never
int(-Infinity..Infinity) & 0..1 => int(0..1)
int(-Infinity..Infinity) & 0..2 => int(0..2)
int(-Infinity..Infinity) & 1..2 => int(1..2)
int(-Infinity..Infinity) & 0..Infinity => int(0..Infinity)
int(-Infinity..Infinity) & 1..Infinity => int(1..Infinity)
int(-Infinity..Infinity) & -Infinity..0 => int(-Infinity..0)
int(-Infinity..Infinity) & -Infinity..Infinity => int(-Infinity..Infinity)
int(-Infinity..Infinity) & int(0..1) => int(0..1)
int(-Infinity..Infinity) & int(0..2) => int(0..2)
int(-Infinity..Infinity) & int(1..2) => int(1..2)
int(-Infinity..Infinity) & int(0..Infinity) => int(0..Infinity)
int(-Infinity..Infinity) & int(1..Infinity) => int(1..Infinity)
int(-Infinity..Infinity) & int(-Infinity..0) => int(-Infinity..0)
int(-Infinity..Infinity) & int(-Infinity..Infinity) => int(-Infinity..Infinity)
int(-Infinity..Infinity) & string => never
int(-Infinity..Infinity) & \\"\\" => never
int(-Infinity..Infinity) & \\"foo\\" => never
int(-Infinity..Infinity) & \\"bar\\" => never
int(-Infinity..Infinity) & null => never
string & never => never
string & any => string
string & number => never
string & -2 => never
string & -1 => never
string & 0 => never
string & 1 => never
string & 2 => never
string & 10 => never
string & 100 => never
string & -Infinity => never
string & Infinity => never
string & NaN => never
string & 0..1 => never
string & 0..2 => never
string & 1..2 => never
string & 0..Infinity => never
string & 1..Infinity => never
string & -Infinity..0 => never
string & -Infinity..Infinity => never
string & int(0..1) => never
string & int(0..2) => never
string & int(1..2) => never
string & int(0..Infinity) => never
string & int(1..Infinity) => never
string & int(-Infinity..0) => never
string & int(-Infinity..Infinity) => never
string & string => string
string & \\"\\" => \\"\\"
string & \\"foo\\" => \\"foo\\"
string & \\"bar\\" => \\"bar\\"
string & null => never
\\"\\" & never => never
\\"\\" & any => \\"\\"
\\"\\" & number => never
\\"\\" & -2 => never
\\"\\" & -1 => never
\\"\\" & 0 => never
\\"\\" & 1 => never
\\"\\" & 2 => never
\\"\\" & 10 => never
\\"\\" & 100 => never
\\"\\" & -Infinity => never
\\"\\" & Infinity => never
\\"\\" & NaN => never
\\"\\" & 0..1 => never
\\"\\" & 0..2 => never
\\"\\" & 1..2 => never
\\"\\" & 0..Infinity => never
\\"\\" & 1..Infinity => never
\\"\\" & -Infinity..0 => never
\\"\\" & -Infinity..Infinity => never
\\"\\" & int(0..1) => never
\\"\\" & int(0..2) => never
\\"\\" & int(1..2) => never
\\"\\" & int(0..Infinity) => never
\\"\\" & int(1..Infinity) => never
\\"\\" & int(-Infinity..0) => never
\\"\\" & int(-Infinity..Infinity) => never
\\"\\" & string => \\"\\"
\\"\\" & \\"\\" => \\"\\"
\\"\\" & \\"foo\\" => never
\\"\\" & \\"bar\\" => never
\\"\\" & null => never
\\"foo\\" & never => never
\\"foo\\" & any => \\"foo\\"
\\"foo\\" & number => never
\\"foo\\" & -2 => never
\\"foo\\" & -1 => never
\\"foo\\" & 0 => never
\\"foo\\" & 1 => never
\\"foo\\" & 2 => never
\\"foo\\" & 10 => never
\\"foo\\" & 100 => never
\\"foo\\" & -Infinity => never
\\"foo\\" & Infinity => never
\\"foo\\" & NaN => never
\\"foo\\" & 0..1 => never
\\"foo\\" & 0..2 => never
\\"foo\\" & 1..2 => never
\\"foo\\" & 0..Infinity => never
\\"foo\\" & 1..Infinity => never
\\"foo\\" & -Infinity..0 => never
\\"foo\\" & -Infinity..Infinity => never
\\"foo\\" & int(0..1) => never
\\"foo\\" & int(0..2) => never
\\"foo\\" & int(1..2) => never
\\"foo\\" & int(0..Infinity) => never
\\"foo\\" & int(1..Infinity) => never
\\"foo\\" & int(-Infinity..0) => never
\\"foo\\" & int(-Infinity..Infinity) => never
\\"foo\\" & string => \\"foo\\"
\\"foo\\" & \\"\\" => never
\\"foo\\" & \\"foo\\" => \\"foo\\"
\\"foo\\" & \\"bar\\" => never
\\"foo\\" & null => never
\\"bar\\" & never => never
\\"bar\\" & any => \\"bar\\"
\\"bar\\" & number => never
\\"bar\\" & -2 => never
\\"bar\\" & -1 => never
\\"bar\\" & 0 => never
\\"bar\\" & 1 => never
\\"bar\\" & 2 => never
\\"bar\\" & 10 => never
\\"bar\\" & 100 => never
\\"bar\\" & -Infinity => never
\\"bar\\" & Infinity => never
\\"bar\\" & NaN => never
\\"bar\\" & 0..1 => never
\\"bar\\" & 0..2 => never
\\"bar\\" & 1..2 => never
\\"bar\\" & 0..Infinity => never
\\"bar\\" & 1..Infinity => never
\\"bar\\" & -Infinity..0 => never
\\"bar\\" & -Infinity..Infinity => never
\\"bar\\" & int(0..1) => never
\\"bar\\" & int(0..2) => never
\\"bar\\" & int(1..2) => never
\\"bar\\" & int(0..Infinity) => never
\\"bar\\" & int(1..Infinity) => never
\\"bar\\" & int(-Infinity..0) => never
\\"bar\\" & int(-Infinity..Infinity) => never
\\"bar\\" & string => \\"bar\\"
\\"bar\\" & \\"\\" => never
\\"bar\\" & \\"foo\\" => never
\\"bar\\" & \\"bar\\" => \\"bar\\"
\\"bar\\" & null => never
null & never => never
null & any => null
null & number => never
null & -2 => never
null & -1 => never
null & 0 => never
null & 1 => never
null & 2 => never
null & 10 => never
null & 100 => never
null & -Infinity => never
null & Infinity => never
null & NaN => never
null & 0..1 => never
null & 0..2 => never
null & 1..2 => never
null & 0..Infinity => never
null & 1..Infinity => never
null & -Infinity..0 => never
null & -Infinity..Infinity => never
null & int(0..1) => never
null & int(0..2) => never
null & int(1..2) => never
null & int(0..Infinity) => never
null & int(1..Infinity) => never
null & int(-Infinity..0) => never
null & int(-Infinity..Infinity) => never
null & string => never
null & \\"\\" => never
null & \\"foo\\" => never
null & \\"bar\\" => never
null & null => null"
`;
