// Jest Snapshot v1, https://goo.gl/fbAQLP

exports[`Expression evaluation 1`] = `
"never => never
any => any
number => number
-2 => -2
-1 => -1
0 => 0
1 => 1
2 => 2
10 => 10
100 => 100
-Infinity => -Infinity
Infinity => Infinity
NaN => NaN
0..1 => 0..1
0..2 => 0..2
0.5..1.5 => 0.5..1.5
0.5..2.5 => 0.5..2.5
0.5..0.75 => 0.5..0.75
1..2 => 1..2
0..Infinity => 0..Infinity
1..Infinity => 1..Infinity
-Infinity..0 => -Infinity..0
-Infinity..Infinity => -Infinity..Infinity
int(0..1) => int(0..1)
int(0..2) => int(0..2)
int(1..2) => int(1..2)
int(0..Infinity) => int(0..Infinity)
int(1..Infinity) => int(1..Infinity)
int(-Infinity..0) => int(-Infinity..0)
int(-Infinity..Infinity) => int(-Infinity..Infinity)
string => string
\\"\\" => \\"\\"
\\"foo\\" => \\"foo\\"
\\"bar\\" => \\"bar\\"
null => null
never | any => any
never | number => number
never | -2 => -2
never | -1 => -1
never | 0 => 0
never | 1 => 1
never | 2 => 2
never | 10 => 10
never | 100 => 100
never | -Infinity => -Infinity
never | Infinity => Infinity
never | NaN => NaN
never | 0..1 => 0..1
never | 0..2 => 0..2
never | 0.5..1.5 => 0.5..1.5
never | 0.5..2.5 => 0.5..2.5
never | 0.5..0.75 => 0.5..0.75
never | 1..2 => 1..2
never | 0..Infinity => 0..Infinity
never | 1..Infinity => 1..Infinity
never | -Infinity..0 => -Infinity..0
never | -Infinity..Infinity => -Infinity..Infinity
never | int(0..1) => int(0..1)
never | int(0..2) => int(0..2)
never | int(1..2) => int(1..2)
never | int(0..Infinity) => int(0..Infinity)
never | int(1..Infinity) => int(1..Infinity)
never | int(-Infinity..0) => int(-Infinity..0)
never | int(-Infinity..Infinity) => int(-Infinity..Infinity)
never | string => string
never | \\"\\" => \\"\\"
never | \\"foo\\" => \\"foo\\"
never | \\"bar\\" => \\"bar\\"
never | null => null
any | number => any
any | -2 => any
any | -1 => any
any | 0 => any
any | 1 => any
any | 2 => any
any | 10 => any
any | 100 => any
any | -Infinity => any
any | Infinity => any
any | NaN => any
any | 0..1 => any
any | 0..2 => any
any | 0.5..1.5 => any
any | 0.5..2.5 => any
any | 0.5..0.75 => any
any | 1..2 => any
any | 0..Infinity => any
any | 1..Infinity => any
any | -Infinity..0 => any
any | -Infinity..Infinity => any
any | int(0..1) => any
any | int(0..2) => any
any | int(1..2) => any
any | int(0..Infinity) => any
any | int(1..Infinity) => any
any | int(-Infinity..0) => any
any | int(-Infinity..Infinity) => any
any | string => any
any | \\"\\" => any
any | \\"foo\\" => any
any | \\"bar\\" => any
any | null => any
number | -2 => number
number | -1 => number
number | 0 => number
number | 1 => number
number | 2 => number
number | 10 => number
number | 100 => number
number | -Infinity => number
number | Infinity => number
number | NaN => number
number | 0..1 => number
number | 0..2 => number
number | 0.5..1.5 => number
number | 0.5..2.5 => number
number | 0.5..0.75 => number
number | 1..2 => number
number | 0..Infinity => number
number | 1..Infinity => number
number | -Infinity..0 => number
number | -Infinity..Infinity => number
number | int(0..1) => number
number | int(0..2) => number
number | int(1..2) => number
number | int(0..Infinity) => number
number | int(1..Infinity) => number
number | int(-Infinity..0) => number
number | int(-Infinity..Infinity) => number
number | string => number | string
number | \\"\\" => number | \\"\\"
number | \\"foo\\" => number | \\"foo\\"
number | \\"bar\\" => number | \\"bar\\"
number | null => number | null
-2 | -1 => int(-2..-1)
-2 | 0 => -2 | 0
-2 | 1 => -2 | 1
-2 | 2 => -2 | 2
-2 | 10 => -2 | 10
-2 | 100 => -2 | 100
-2 | -Infinity => -2 | -Infinity
-2 | Infinity => -2 | Infinity
-2 | NaN => -2 | NaN
-2 | 0..1 => -2 | 0..1
-2 | 0..2 => -2 | 0..2
-2 | 0.5..1.5 => -2 | 0.5..1.5
-2 | 0.5..2.5 => -2 | 0.5..2.5
-2 | 0.5..0.75 => -2 | 0.5..0.75
-2 | 1..2 => -2 | 1..2
-2 | 0..Infinity => -2 | 0..Infinity
-2 | 1..Infinity => -2 | 1..Infinity
-2 | -Infinity..0 => -Infinity..0
-2 | -Infinity..Infinity => -Infinity..Infinity
-2 | int(0..1) => -2 | int(0..1)
-2 | int(0..2) => -2 | int(0..2)
-2 | int(1..2) => -2 | int(1..2)
-2 | int(0..Infinity) => -2 | int(0..Infinity)
-2 | int(1..Infinity) => -2 | int(1..Infinity)
-2 | int(-Infinity..0) => int(-Infinity..0)
-2 | int(-Infinity..Infinity) => int(-Infinity..Infinity)
-2 | string => -2 | string
-2 | \\"\\" => -2 | \\"\\"
-2 | \\"foo\\" => -2 | \\"foo\\"
-2 | \\"bar\\" => -2 | \\"bar\\"
-2 | null => -2 | null
-1 | 0 => int(-1..0)
-1 | 1 => -1 | 1
-1 | 2 => -1 | 2
-1 | 10 => -1 | 10
-1 | 100 => -1 | 100
-1 | -Infinity => -1 | -Infinity
-1 | Infinity => -1 | Infinity
-1 | NaN => -1 | NaN
-1 | 0..1 => -1 | 0..1
-1 | 0..2 => -1 | 0..2
-1 | 0.5..1.5 => -1 | 0.5..1.5
-1 | 0.5..2.5 => -1 | 0.5..2.5
-1 | 0.5..0.75 => -1 | 0.5..0.75
-1 | 1..2 => -1 | 1..2
-1 | 0..Infinity => -1 | 0..Infinity
-1 | 1..Infinity => -1 | 1..Infinity
-1 | -Infinity..0 => -Infinity..0
-1 | -Infinity..Infinity => -Infinity..Infinity
-1 | int(0..1) => int(-1..1)
-1 | int(0..2) => int(-1..2)
-1 | int(1..2) => -1 | int(1..2)
-1 | int(0..Infinity) => int(-1..Infinity)
-1 | int(1..Infinity) => -1 | int(1..Infinity)
-1 | int(-Infinity..0) => int(-Infinity..0)
-1 | int(-Infinity..Infinity) => int(-Infinity..Infinity)
-1 | string => -1 | string
-1 | \\"\\" => -1 | \\"\\"
-1 | \\"foo\\" => -1 | \\"foo\\"
-1 | \\"bar\\" => -1 | \\"bar\\"
-1 | null => -1 | null
0 | 1 => int(0..1)
0 | 2 => 0 | 2
0 | 10 => 0 | 10
0 | 100 => 0 | 100
0 | -Infinity => 0 | -Infinity
0 | Infinity => 0 | Infinity
0 | NaN => 0 | NaN
0 | 0..1 => 0..1
0 | 0..2 => 0..2
0 | 0.5..1.5 => 0 | 0.5..1.5
0 | 0.5..2.5 => 0 | 0.5..2.5
0 | 0.5..0.75 => 0 | 0.5..0.75
0 | 1..2 => 0 | 1..2
0 | 0..Infinity => 0..Infinity
0 | 1..Infinity => 0 | 1..Infinity
0 | -Infinity..0 => -Infinity..0
0 | -Infinity..Infinity => -Infinity..Infinity
0 | int(0..1) => int(0..1)
0 | int(0..2) => int(0..2)
0 | int(1..2) => int(0..2)
0 | int(0..Infinity) => int(0..Infinity)
0 | int(1..Infinity) => int(0..Infinity)
0 | int(-Infinity..0) => int(-Infinity..0)
0 | int(-Infinity..Infinity) => int(-Infinity..Infinity)
0 | string => 0 | string
0 | \\"\\" => 0 | \\"\\"
0 | \\"foo\\" => 0 | \\"foo\\"
0 | \\"bar\\" => 0 | \\"bar\\"
0 | null => 0 | null
1 | 2 => int(1..2)
1 | 10 => 1 | 10
1 | 100 => 1 | 100
1 | -Infinity => 1 | -Infinity
1 | Infinity => 1 | Infinity
1 | NaN => 1 | NaN
1 | 0..1 => 0..1
1 | 0..2 => 0..2
1 | 0.5..1.5 => 0.5..1.5
1 | 0.5..2.5 => 0.5..2.5
1 | 0.5..0.75 => 1 | 0.5..0.75
1 | 1..2 => 1..2
1 | 0..Infinity => 0..Infinity
1 | 1..Infinity => 1..Infinity
1 | -Infinity..0 => 1 | -Infinity..0
1 | -Infinity..Infinity => -Infinity..Infinity
1 | int(0..1) => int(0..1)
1 | int(0..2) => int(0..2)
1 | int(1..2) => int(1..2)
1 | int(0..Infinity) => int(0..Infinity)
1 | int(1..Infinity) => int(1..Infinity)
1 | int(-Infinity..0) => int(-Infinity..1)
1 | int(-Infinity..Infinity) => int(-Infinity..Infinity)
1 | string => 1 | string
1 | \\"\\" => 1 | \\"\\"
1 | \\"foo\\" => 1 | \\"foo\\"
1 | \\"bar\\" => 1 | \\"bar\\"
1 | null => 1 | null
2 | 10 => 2 | 10
2 | 100 => 2 | 100
2 | -Infinity => 2 | -Infinity
2 | Infinity => 2 | Infinity
2 | NaN => 2 | NaN
2 | 0..1 => 2 | 0..1
2 | 0..2 => 0..2
2 | 0.5..1.5 => 2 | 0.5..1.5
2 | 0.5..2.5 => 0.5..2.5
2 | 0.5..0.75 => 2 | 0.5..0.75
2 | 1..2 => 1..2
2 | 0..Infinity => 0..Infinity
2 | 1..Infinity => 1..Infinity
2 | -Infinity..0 => 2 | -Infinity..0
2 | -Infinity..Infinity => -Infinity..Infinity
2 | int(0..1) => int(0..2)
2 | int(0..2) => int(0..2)
2 | int(1..2) => int(1..2)
2 | int(0..Infinity) => int(0..Infinity)
2 | int(1..Infinity) => int(1..Infinity)
2 | int(-Infinity..0) => 2 | int(-Infinity..0)
2 | int(-Infinity..Infinity) => int(-Infinity..Infinity)
2 | string => 2 | string
2 | \\"\\" => 2 | \\"\\"
2 | \\"foo\\" => 2 | \\"foo\\"
2 | \\"bar\\" => 2 | \\"bar\\"
2 | null => 2 | null
10 | 100 => 10 | 100
10 | -Infinity => 10 | -Infinity
10 | Infinity => 10 | Infinity
10 | NaN => 10 | NaN
10 | 0..1 => 10 | 0..1
10 | 0..2 => 10 | 0..2
10 | 0.5..1.5 => 10 | 0.5..1.5
10 | 0.5..2.5 => 10 | 0.5..2.5
10 | 0.5..0.75 => 10 | 0.5..0.75
10 | 1..2 => 10 | 1..2
10 | 0..Infinity => 0..Infinity
10 | 1..Infinity => 1..Infinity
10 | -Infinity..0 => 10 | -Infinity..0
10 | -Infinity..Infinity => -Infinity..Infinity
10 | int(0..1) => 10 | int(0..1)
10 | int(0..2) => 10 | int(0..2)
10 | int(1..2) => 10 | int(1..2)
10 | int(0..Infinity) => int(0..Infinity)
10 | int(1..Infinity) => int(1..Infinity)
10 | int(-Infinity..0) => 10 | int(-Infinity..0)
10 | int(-Infinity..Infinity) => int(-Infinity..Infinity)
10 | string => 10 | string
10 | \\"\\" => 10 | \\"\\"
10 | \\"foo\\" => 10 | \\"foo\\"
10 | \\"bar\\" => 10 | \\"bar\\"
10 | null => 10 | null
100 | -Infinity => 100 | -Infinity
100 | Infinity => 100 | Infinity
100 | NaN => 100 | NaN
100 | 0..1 => 100 | 0..1
100 | 0..2 => 100 | 0..2
100 | 0.5..1.5 => 100 | 0.5..1.5
100 | 0.5..2.5 => 100 | 0.5..2.5
100 | 0.5..0.75 => 100 | 0.5..0.75
100 | 1..2 => 100 | 1..2
100 | 0..Infinity => 0..Infinity
100 | 1..Infinity => 1..Infinity
100 | -Infinity..0 => 100 | -Infinity..0
100 | -Infinity..Infinity => -Infinity..Infinity
100 | int(0..1) => 100 | int(0..1)
100 | int(0..2) => 100 | int(0..2)
100 | int(1..2) => 100 | int(1..2)
100 | int(0..Infinity) => int(0..Infinity)
100 | int(1..Infinity) => int(1..Infinity)
100 | int(-Infinity..0) => 100 | int(-Infinity..0)
100 | int(-Infinity..Infinity) => int(-Infinity..Infinity)
100 | string => 100 | string
100 | \\"\\" => 100 | \\"\\"
100 | \\"foo\\" => 100 | \\"foo\\"
100 | \\"bar\\" => 100 | \\"bar\\"
100 | null => 100 | null
-Infinity | Infinity => -Infinity | Infinity
-Infinity | NaN => -Infinity | NaN
-Infinity | 0..1 => -Infinity | 0..1
-Infinity | 0..2 => -Infinity | 0..2
-Infinity | 0.5..1.5 => -Infinity | 0.5..1.5
-Infinity | 0.5..2.5 => -Infinity | 0.5..2.5
-Infinity | 0.5..0.75 => -Infinity | 0.5..0.75
-Infinity | 1..2 => -Infinity | 1..2
-Infinity | 0..Infinity => -Infinity | 0..Infinity
-Infinity | 1..Infinity => -Infinity | 1..Infinity
-Infinity | -Infinity..0 => -Infinity..0
-Infinity | -Infinity..Infinity => -Infinity..Infinity
-Infinity | int(0..1) => -Infinity | int(0..1)
-Infinity | int(0..2) => -Infinity | int(0..2)
-Infinity | int(1..2) => -Infinity | int(1..2)
-Infinity | int(0..Infinity) => -Infinity | int(0..Infinity)
-Infinity | int(1..Infinity) => -Infinity | int(1..Infinity)
-Infinity | int(-Infinity..0) => -Infinity | int(-Infinity..0)
-Infinity | int(-Infinity..Infinity) => -Infinity | int(-Infinity..Infinity)
-Infinity | string => -Infinity | string
-Infinity | \\"\\" => -Infinity | \\"\\"
-Infinity | \\"foo\\" => -Infinity | \\"foo\\"
-Infinity | \\"bar\\" => -Infinity | \\"bar\\"
-Infinity | null => -Infinity | null
Infinity | NaN => Infinity | NaN
Infinity | 0..1 => Infinity | 0..1
Infinity | 0..2 => Infinity | 0..2
Infinity | 0.5..1.5 => Infinity | 0.5..1.5
Infinity | 0.5..2.5 => Infinity | 0.5..2.5
Infinity | 0.5..0.75 => Infinity | 0.5..0.75
Infinity | 1..2 => Infinity | 1..2
Infinity | 0..Infinity => 0..Infinity
Infinity | 1..Infinity => 1..Infinity
Infinity | -Infinity..0 => Infinity | -Infinity..0
Infinity | -Infinity..Infinity => -Infinity..Infinity
Infinity | int(0..1) => Infinity | int(0..1)
Infinity | int(0..2) => Infinity | int(0..2)
Infinity | int(1..2) => Infinity | int(1..2)
Infinity | int(0..Infinity) => Infinity | int(0..Infinity)
Infinity | int(1..Infinity) => Infinity | int(1..Infinity)
Infinity | int(-Infinity..0) => Infinity | int(-Infinity..0)
Infinity | int(-Infinity..Infinity) => Infinity | int(-Infinity..Infinity)
Infinity | string => Infinity | string
Infinity | \\"\\" => Infinity | \\"\\"
Infinity | \\"foo\\" => Infinity | \\"foo\\"
Infinity | \\"bar\\" => Infinity | \\"bar\\"
Infinity | null => Infinity | null
NaN | 0..1 => NaN | 0..1
NaN | 0..2 => NaN | 0..2
NaN | 0.5..1.5 => NaN | 0.5..1.5
NaN | 0.5..2.5 => NaN | 0.5..2.5
NaN | 0.5..0.75 => NaN | 0.5..0.75
NaN | 1..2 => NaN | 1..2
NaN | 0..Infinity => NaN | 0..Infinity
NaN | 1..Infinity => NaN | 1..Infinity
NaN | -Infinity..0 => NaN | -Infinity..0
NaN | -Infinity..Infinity => number
NaN | int(0..1) => NaN | int(0..1)
NaN | int(0..2) => NaN | int(0..2)
NaN | int(1..2) => NaN | int(1..2)
NaN | int(0..Infinity) => NaN | int(0..Infinity)
NaN | int(1..Infinity) => NaN | int(1..Infinity)
NaN | int(-Infinity..0) => NaN | int(-Infinity..0)
NaN | int(-Infinity..Infinity) => NaN | int(-Infinity..Infinity)
NaN | string => NaN | string
NaN | \\"\\" => NaN | \\"\\"
NaN | \\"foo\\" => NaN | \\"foo\\"
NaN | \\"bar\\" => NaN | \\"bar\\"
NaN | null => NaN | null
0..1 | 0..2 => 0..2
0..1 | 0.5..1.5 => 0..1.5
0..1 | 0.5..2.5 => 0..2.5
0..1 | 0.5..0.75 => 0..1
0..1 | 1..2 => 0..2
0..1 | 0..Infinity => 0..Infinity
0..1 | 1..Infinity => 0..Infinity
0..1 | -Infinity..0 => -Infinity..1
0..1 | -Infinity..Infinity => -Infinity..Infinity
0..1 | int(0..1) => 0..1
0..1 | int(0..2) => 2 | 0..1
0..1 | int(1..2) => 2 | 0..1
0..1 | int(0..Infinity) => int(2..Infinity) | 0..1
0..1 | int(1..Infinity) => int(2..Infinity) | 0..1
0..1 | int(-Infinity..0) => int(-Infinity..-1) | 0..1
0..1 | int(-Infinity..Infinity) => int(2..Infinity) | int(-Infinity..-1) | 0..1
0..1 | string => 0..1 | string
0..1 | \\"\\" => 0..1 | \\"\\"
0..1 | \\"foo\\" => 0..1 | \\"foo\\"
0..1 | \\"bar\\" => 0..1 | \\"bar\\"
0..1 | null => 0..1 | null
0..2 | 0.5..1.5 => 0..2
0..2 | 0.5..2.5 => 0..2.5
0..2 | 0.5..0.75 => 0..2
0..2 | 1..2 => 0..2
0..2 | 0..Infinity => 0..Infinity
0..2 | 1..Infinity => 0..Infinity
0..2 | -Infinity..0 => -Infinity..2
0..2 | -Infinity..Infinity => -Infinity..Infinity
0..2 | int(0..1) => 0..2
0..2 | int(0..2) => 0..2
0..2 | int(1..2) => 0..2
0..2 | int(0..Infinity) => int(3..Infinity) | 0..2
0..2 | int(1..Infinity) => int(3..Infinity) | 0..2
0..2 | int(-Infinity..0) => int(-Infinity..-1) | 0..2
0..2 | int(-Infinity..Infinity) => int(3..Infinity) | int(-Infinity..-1) | 0..2
0..2 | string => 0..2 | string
0..2 | \\"\\" => 0..2 | \\"\\"
0..2 | \\"foo\\" => 0..2 | \\"foo\\"
0..2 | \\"bar\\" => 0..2 | \\"bar\\"
0..2 | null => 0..2 | null
0.5..1.5 | 0.5..2.5 => 0.5..2.5
0.5..1.5 | 0.5..0.75 => 0.5..1.5
0.5..1.5 | 1..2 => 0.5..2
0.5..1.5 | 0..Infinity => 0..Infinity
0.5..1.5 | 1..Infinity => 0.5..Infinity
0.5..1.5 | -Infinity..0 => 0.5..1.5 | -Infinity..0
0.5..1.5 | -Infinity..Infinity => -Infinity..Infinity
0.5..1.5 | int(0..1) => 0 | 0.5..1.5
0.5..1.5 | int(0..2) => 0 | 2 | 0.5..1.5
0.5..1.5 | int(1..2) => 2 | 0.5..1.5
0.5..1.5 | int(0..Infinity) => 0 | int(2..Infinity) | 0.5..1.5
0.5..1.5 | int(1..Infinity) => int(2..Infinity) | 0.5..1.5
0.5..1.5 | int(-Infinity..0) => int(-Infinity..0) | 0.5..1.5
0.5..1.5 | int(-Infinity..Infinity) => int(2..Infinity) | int(-Infinity..0) | 0.5..1.5
0.5..1.5 | string => 0.5..1.5 | string
0.5..1.5 | \\"\\" => 0.5..1.5 | \\"\\"
0.5..1.5 | \\"foo\\" => 0.5..1.5 | \\"foo\\"
0.5..1.5 | \\"bar\\" => 0.5..1.5 | \\"bar\\"
0.5..1.5 | null => 0.5..1.5 | null
0.5..2.5 | 0.5..0.75 => 0.5..2.5
0.5..2.5 | 1..2 => 0.5..2.5
0.5..2.5 | 0..Infinity => 0..Infinity
0.5..2.5 | 1..Infinity => 0.5..Infinity
0.5..2.5 | -Infinity..0 => 0.5..2.5 | -Infinity..0
0.5..2.5 | -Infinity..Infinity => -Infinity..Infinity
0.5..2.5 | int(0..1) => 0 | 0.5..2.5
0.5..2.5 | int(0..2) => 0 | 0.5..2.5
0.5..2.5 | int(1..2) => 0.5..2.5
0.5..2.5 | int(0..Infinity) => 0 | int(3..Infinity) | 0.5..2.5
0.5..2.5 | int(1..Infinity) => int(3..Infinity) | 0.5..2.5
0.5..2.5 | int(-Infinity..0) => int(-Infinity..0) | 0.5..2.5
0.5..2.5 | int(-Infinity..Infinity) => int(3..Infinity) | int(-Infinity..0) | 0.5..2.5
0.5..2.5 | string => 0.5..2.5 | string
0.5..2.5 | \\"\\" => 0.5..2.5 | \\"\\"
0.5..2.5 | \\"foo\\" => 0.5..2.5 | \\"foo\\"
0.5..2.5 | \\"bar\\" => 0.5..2.5 | \\"bar\\"
0.5..2.5 | null => 0.5..2.5 | null
0.5..0.75 | 1..2 => 0.5..0.75 | 1..2
0.5..0.75 | 0..Infinity => 0..Infinity
0.5..0.75 | 1..Infinity => 0.5..0.75 | 1..Infinity
0.5..0.75 | -Infinity..0 => 0.5..0.75 | -Infinity..0
0.5..0.75 | -Infinity..Infinity => -Infinity..Infinity
0.5..0.75 | int(0..1) => int(0..1) | 0.5..0.75
0.5..0.75 | int(0..2) => int(0..2) | 0.5..0.75
0.5..0.75 | int(1..2) => int(1..2) | 0.5..0.75
0.5..0.75 | int(0..Infinity) => int(0..Infinity) | 0.5..0.75
0.5..0.75 | int(1..Infinity) => int(1..Infinity) | 0.5..0.75
0.5..0.75 | int(-Infinity..0) => int(-Infinity..0) | 0.5..0.75
0.5..0.75 | int(-Infinity..Infinity) => int(-Infinity..Infinity) | 0.5..0.75
0.5..0.75 | string => 0.5..0.75 | string
0.5..0.75 | \\"\\" => 0.5..0.75 | \\"\\"
0.5..0.75 | \\"foo\\" => 0.5..0.75 | \\"foo\\"
0.5..0.75 | \\"bar\\" => 0.5..0.75 | \\"bar\\"
0.5..0.75 | null => 0.5..0.75 | null
1..2 | 0..Infinity => 0..Infinity
1..2 | 1..Infinity => 1..Infinity
1..2 | -Infinity..0 => 1..2 | -Infinity..0
1..2 | -Infinity..Infinity => -Infinity..Infinity
1..2 | int(0..1) => 0 | 1..2
1..2 | int(0..2) => 0 | 1..2
1..2 | int(1..2) => 1..2
1..2 | int(0..Infinity) => 0 | int(3..Infinity) | 1..2
1..2 | int(1..Infinity) => int(3..Infinity) | 1..2
1..2 | int(-Infinity..0) => int(-Infinity..0) | 1..2
1..2 | int(-Infinity..Infinity) => int(3..Infinity) | int(-Infinity..0) | 1..2
1..2 | string => 1..2 | string
1..2 | \\"\\" => 1..2 | \\"\\"
1..2 | \\"foo\\" => 1..2 | \\"foo\\"
1..2 | \\"bar\\" => 1..2 | \\"bar\\"
1..2 | null => 1..2 | null
0..Infinity | 1..Infinity => 0..Infinity
0..Infinity | -Infinity..0 => -Infinity..Infinity
0..Infinity | -Infinity..Infinity => -Infinity..Infinity
0..Infinity | int(0..1) => 0..Infinity
0..Infinity | int(0..2) => 0..Infinity
0..Infinity | int(1..2) => 0..Infinity
0..Infinity | int(0..Infinity) => 0..Infinity
0..Infinity | int(1..Infinity) => 0..Infinity
0..Infinity | int(-Infinity..0) => int(-Infinity..-1) | 0..Infinity
0..Infinity | int(-Infinity..Infinity) => int(-Infinity..-1) | 0..Infinity
0..Infinity | string => 0..Infinity | string
0..Infinity | \\"\\" => 0..Infinity | \\"\\"
0..Infinity | \\"foo\\" => 0..Infinity | \\"foo\\"
0..Infinity | \\"bar\\" => 0..Infinity | \\"bar\\"
0..Infinity | null => 0..Infinity | null
1..Infinity | -Infinity..0 => 1..Infinity | -Infinity..0
1..Infinity | -Infinity..Infinity => -Infinity..Infinity
1..Infinity | int(0..1) => 0 | 1..Infinity
1..Infinity | int(0..2) => 0 | 1..Infinity
1..Infinity | int(1..2) => 1..Infinity
1..Infinity | int(0..Infinity) => 0 | 1..Infinity
1..Infinity | int(1..Infinity) => 1..Infinity
1..Infinity | int(-Infinity..0) => int(-Infinity..0) | 1..Infinity
1..Infinity | int(-Infinity..Infinity) => int(-Infinity..0) | 1..Infinity
1..Infinity | string => 1..Infinity | string
1..Infinity | \\"\\" => 1..Infinity | \\"\\"
1..Infinity | \\"foo\\" => 1..Infinity | \\"foo\\"
1..Infinity | \\"bar\\" => 1..Infinity | \\"bar\\"
1..Infinity | null => 1..Infinity | null
-Infinity..0 | -Infinity..Infinity => -Infinity..Infinity
-Infinity..0 | int(0..1) => 1 | -Infinity..0
-Infinity..0 | int(0..2) => int(1..2) | -Infinity..0
-Infinity..0 | int(1..2) => int(1..2) | -Infinity..0
-Infinity..0 | int(0..Infinity) => int(1..Infinity) | -Infinity..0
-Infinity..0 | int(1..Infinity) => int(1..Infinity) | -Infinity..0
-Infinity..0 | int(-Infinity..0) => -Infinity..0
-Infinity..0 | int(-Infinity..Infinity) => int(1..Infinity) | -Infinity..0
-Infinity..0 | string => -Infinity..0 | string
-Infinity..0 | \\"\\" => -Infinity..0 | \\"\\"
-Infinity..0 | \\"foo\\" => -Infinity..0 | \\"foo\\"
-Infinity..0 | \\"bar\\" => -Infinity..0 | \\"bar\\"
-Infinity..0 | null => -Infinity..0 | null
-Infinity..Infinity | int(0..1) => -Infinity..Infinity
-Infinity..Infinity | int(0..2) => -Infinity..Infinity
-Infinity..Infinity | int(1..2) => -Infinity..Infinity
-Infinity..Infinity | int(0..Infinity) => -Infinity..Infinity
-Infinity..Infinity | int(1..Infinity) => -Infinity..Infinity
-Infinity..Infinity | int(-Infinity..0) => -Infinity..Infinity
-Infinity..Infinity | int(-Infinity..Infinity) => -Infinity..Infinity
-Infinity..Infinity | string => -Infinity..Infinity | string
-Infinity..Infinity | \\"\\" => -Infinity..Infinity | \\"\\"
-Infinity..Infinity | \\"foo\\" => -Infinity..Infinity | \\"foo\\"
-Infinity..Infinity | \\"bar\\" => -Infinity..Infinity | \\"bar\\"
-Infinity..Infinity | null => -Infinity..Infinity | null
int(0..1) | int(0..2) => int(0..2)
int(0..1) | int(1..2) => int(0..2)
int(0..1) | int(0..Infinity) => int(0..Infinity)
int(0..1) | int(1..Infinity) => int(0..Infinity)
int(0..1) | int(-Infinity..0) => int(-Infinity..1)
int(0..1) | int(-Infinity..Infinity) => int(-Infinity..Infinity)
int(0..1) | string => int(0..1) | string
int(0..1) | \\"\\" => int(0..1) | \\"\\"
int(0..1) | \\"foo\\" => int(0..1) | \\"foo\\"
int(0..1) | \\"bar\\" => int(0..1) | \\"bar\\"
int(0..1) | null => int(0..1) | null
int(0..2) | int(1..2) => int(0..2)
int(0..2) | int(0..Infinity) => int(0..Infinity)
int(0..2) | int(1..Infinity) => int(0..Infinity)
int(0..2) | int(-Infinity..0) => int(-Infinity..2)
int(0..2) | int(-Infinity..Infinity) => int(-Infinity..Infinity)
int(0..2) | string => int(0..2) | string
int(0..2) | \\"\\" => int(0..2) | \\"\\"
int(0..2) | \\"foo\\" => int(0..2) | \\"foo\\"
int(0..2) | \\"bar\\" => int(0..2) | \\"bar\\"
int(0..2) | null => int(0..2) | null
int(1..2) | int(0..Infinity) => int(0..Infinity)
int(1..2) | int(1..Infinity) => int(1..Infinity)
int(1..2) | int(-Infinity..0) => int(-Infinity..2)
int(1..2) | int(-Infinity..Infinity) => int(-Infinity..Infinity)
int(1..2) | string => int(1..2) | string
int(1..2) | \\"\\" => int(1..2) | \\"\\"
int(1..2) | \\"foo\\" => int(1..2) | \\"foo\\"
int(1..2) | \\"bar\\" => int(1..2) | \\"bar\\"
int(1..2) | null => int(1..2) | null
int(0..Infinity) | int(1..Infinity) => int(0..Infinity)
int(0..Infinity) | int(-Infinity..0) => int(-Infinity..Infinity)
int(0..Infinity) | int(-Infinity..Infinity) => int(-Infinity..Infinity)
int(0..Infinity) | string => int(0..Infinity) | string
int(0..Infinity) | \\"\\" => int(0..Infinity) | \\"\\"
int(0..Infinity) | \\"foo\\" => int(0..Infinity) | \\"foo\\"
int(0..Infinity) | \\"bar\\" => int(0..Infinity) | \\"bar\\"
int(0..Infinity) | null => int(0..Infinity) | null
int(1..Infinity) | int(-Infinity..0) => int(-Infinity..Infinity)
int(1..Infinity) | int(-Infinity..Infinity) => int(-Infinity..Infinity)
int(1..Infinity) | string => int(1..Infinity) | string
int(1..Infinity) | \\"\\" => int(1..Infinity) | \\"\\"
int(1..Infinity) | \\"foo\\" => int(1..Infinity) | \\"foo\\"
int(1..Infinity) | \\"bar\\" => int(1..Infinity) | \\"bar\\"
int(1..Infinity) | null => int(1..Infinity) | null
int(-Infinity..0) | int(-Infinity..Infinity) => int(-Infinity..Infinity)
int(-Infinity..0) | string => int(-Infinity..0) | string
int(-Infinity..0) | \\"\\" => int(-Infinity..0) | \\"\\"
int(-Infinity..0) | \\"foo\\" => int(-Infinity..0) | \\"foo\\"
int(-Infinity..0) | \\"bar\\" => int(-Infinity..0) | \\"bar\\"
int(-Infinity..0) | null => int(-Infinity..0) | null
int(-Infinity..Infinity) | string => int(-Infinity..Infinity) | string
int(-Infinity..Infinity) | \\"\\" => int(-Infinity..Infinity) | \\"\\"
int(-Infinity..Infinity) | \\"foo\\" => int(-Infinity..Infinity) | \\"foo\\"
int(-Infinity..Infinity) | \\"bar\\" => int(-Infinity..Infinity) | \\"bar\\"
int(-Infinity..Infinity) | null => int(-Infinity..Infinity) | null
string | \\"\\" => string
string | \\"foo\\" => string
string | \\"bar\\" => string
string | null => string | null
\\"\\" | \\"foo\\" => \\"\\" | \\"foo\\"
\\"\\" | \\"bar\\" => \\"\\" | \\"bar\\"
\\"\\" | null => \\"\\" | null
\\"foo\\" | \\"bar\\" => \\"bar\\" | \\"foo\\"
\\"foo\\" | null => \\"foo\\" | null
\\"bar\\" | null => \\"bar\\" | null
never & any => never
never & number => never
never & -2 => never
never & -1 => never
never & 0 => never
never & 1 => never
never & 2 => never
never & 10 => never
never & 100 => never
never & -Infinity => never
never & Infinity => never
never & NaN => never
never & 0..1 => never
never & 0..2 => never
never & 0.5..1.5 => never
never & 0.5..2.5 => never
never & 0.5..0.75 => never
never & 1..2 => never
never & 0..Infinity => never
never & 1..Infinity => never
never & -Infinity..0 => never
never & -Infinity..Infinity => never
never & int(0..1) => never
never & int(0..2) => never
never & int(1..2) => never
never & int(0..Infinity) => never
never & int(1..Infinity) => never
never & int(-Infinity..0) => never
never & int(-Infinity..Infinity) => never
never & string => never
never & \\"\\" => never
never & \\"foo\\" => never
never & \\"bar\\" => never
never & null => never
any & number => number
any & -2 => -2
any & -1 => -1
any & 0 => 0
any & 1 => 1
any & 2 => 2
any & 10 => 10
any & 100 => 100
any & -Infinity => -Infinity
any & Infinity => Infinity
any & NaN => NaN
any & 0..1 => 0..1
any & 0..2 => 0..2
any & 0.5..1.5 => 0.5..1.5
any & 0.5..2.5 => 0.5..2.5
any & 0.5..0.75 => 0.5..0.75
any & 1..2 => 1..2
any & 0..Infinity => 0..Infinity
any & 1..Infinity => 1..Infinity
any & -Infinity..0 => -Infinity..0
any & -Infinity..Infinity => -Infinity..Infinity
any & int(0..1) => int(0..1)
any & int(0..2) => int(0..2)
any & int(1..2) => int(1..2)
any & int(0..Infinity) => int(0..Infinity)
any & int(1..Infinity) => int(1..Infinity)
any & int(-Infinity..0) => int(-Infinity..0)
any & int(-Infinity..Infinity) => int(-Infinity..Infinity)
any & string => string
any & \\"\\" => \\"\\"
any & \\"foo\\" => \\"foo\\"
any & \\"bar\\" => \\"bar\\"
any & null => null
number & -2 => -2
number & -1 => -1
number & 0 => 0
number & 1 => 1
number & 2 => 2
number & 10 => 10
number & 100 => 100
number & -Infinity => -Infinity
number & Infinity => Infinity
number & NaN => NaN
number & 0..1 => 0..1
number & 0..2 => 0..2
number & 0.5..1.5 => 0.5..1.5
number & 0.5..2.5 => 0.5..2.5
number & 0.5..0.75 => 0.5..0.75
number & 1..2 => 1..2
number & 0..Infinity => 0..Infinity
number & 1..Infinity => 1..Infinity
number & -Infinity..0 => -Infinity..0
number & -Infinity..Infinity => -Infinity..Infinity
number & int(0..1) => int(0..1)
number & int(0..2) => int(0..2)
number & int(1..2) => int(1..2)
number & int(0..Infinity) => int(0..Infinity)
number & int(1..Infinity) => int(1..Infinity)
number & int(-Infinity..0) => int(-Infinity..0)
number & int(-Infinity..Infinity) => int(-Infinity..Infinity)
number & string => never
number & \\"\\" => never
number & \\"foo\\" => never
number & \\"bar\\" => never
number & null => never
-2 & -1 => never
-2 & 0 => never
-2 & 1 => never
-2 & 2 => never
-2 & 10 => never
-2 & 100 => never
-2 & -Infinity => never
-2 & Infinity => never
-2 & NaN => never
-2 & 0..1 => never
-2 & 0..2 => never
-2 & 0.5..1.5 => never
-2 & 0.5..2.5 => never
-2 & 0.5..0.75 => never
-2 & 1..2 => never
-2 & 0..Infinity => never
-2 & 1..Infinity => never
-2 & -Infinity..0 => -2
-2 & -Infinity..Infinity => -2
-2 & int(0..1) => never
-2 & int(0..2) => never
-2 & int(1..2) => never
-2 & int(0..Infinity) => never
-2 & int(1..Infinity) => never
-2 & int(-Infinity..0) => -2
-2 & int(-Infinity..Infinity) => -2
-2 & string => never
-2 & \\"\\" => never
-2 & \\"foo\\" => never
-2 & \\"bar\\" => never
-2 & null => never
-1 & 0 => never
-1 & 1 => never
-1 & 2 => never
-1 & 10 => never
-1 & 100 => never
-1 & -Infinity => never
-1 & Infinity => never
-1 & NaN => never
-1 & 0..1 => never
-1 & 0..2 => never
-1 & 0.5..1.5 => never
-1 & 0.5..2.5 => never
-1 & 0.5..0.75 => never
-1 & 1..2 => never
-1 & 0..Infinity => never
-1 & 1..Infinity => never
-1 & -Infinity..0 => -1
-1 & -Infinity..Infinity => -1
-1 & int(0..1) => never
-1 & int(0..2) => never
-1 & int(1..2) => never
-1 & int(0..Infinity) => never
-1 & int(1..Infinity) => never
-1 & int(-Infinity..0) => -1
-1 & int(-Infinity..Infinity) => -1
-1 & string => never
-1 & \\"\\" => never
-1 & \\"foo\\" => never
-1 & \\"bar\\" => never
-1 & null => never
0 & 1 => never
0 & 2 => never
0 & 10 => never
0 & 100 => never
0 & -Infinity => never
0 & Infinity => never
0 & NaN => never
0 & 0..1 => 0
0 & 0..2 => 0
0 & 0.5..1.5 => never
0 & 0.5..2.5 => never
0 & 0.5..0.75 => never
0 & 1..2 => never
0 & 0..Infinity => 0
0 & 1..Infinity => never
0 & -Infinity..0 => 0
0 & -Infinity..Infinity => 0
0 & int(0..1) => 0
0 & int(0..2) => 0
0 & int(1..2) => never
0 & int(0..Infinity) => 0
0 & int(1..Infinity) => never
0 & int(-Infinity..0) => 0
0 & int(-Infinity..Infinity) => 0
0 & string => never
0 & \\"\\" => never
0 & \\"foo\\" => never
0 & \\"bar\\" => never
0 & null => never
1 & 2 => never
1 & 10 => never
1 & 100 => never
1 & -Infinity => never
1 & Infinity => never
1 & NaN => never
1 & 0..1 => 1
1 & 0..2 => 1
1 & 0.5..1.5 => 1
1 & 0.5..2.5 => 1
1 & 0.5..0.75 => never
1 & 1..2 => 1
1 & 0..Infinity => 1
1 & 1..Infinity => 1
1 & -Infinity..0 => never
1 & -Infinity..Infinity => 1
1 & int(0..1) => 1
1 & int(0..2) => 1
1 & int(1..2) => 1
1 & int(0..Infinity) => 1
1 & int(1..Infinity) => 1
1 & int(-Infinity..0) => never
1 & int(-Infinity..Infinity) => 1
1 & string => never
1 & \\"\\" => never
1 & \\"foo\\" => never
1 & \\"bar\\" => never
1 & null => never
2 & 10 => never
2 & 100 => never
2 & -Infinity => never
2 & Infinity => never
2 & NaN => never
2 & 0..1 => never
2 & 0..2 => 2
2 & 0.5..1.5 => never
2 & 0.5..2.5 => 2
2 & 0.5..0.75 => never
2 & 1..2 => 2
2 & 0..Infinity => 2
2 & 1..Infinity => 2
2 & -Infinity..0 => never
2 & -Infinity..Infinity => 2
2 & int(0..1) => never
2 & int(0..2) => 2
2 & int(1..2) => 2
2 & int(0..Infinity) => 2
2 & int(1..Infinity) => 2
2 & int(-Infinity..0) => never
2 & int(-Infinity..Infinity) => 2
2 & string => never
2 & \\"\\" => never
2 & \\"foo\\" => never
2 & \\"bar\\" => never
2 & null => never
10 & 100 => never
10 & -Infinity => never
10 & Infinity => never
10 & NaN => never
10 & 0..1 => never
10 & 0..2 => never
10 & 0.5..1.5 => never
10 & 0.5..2.5 => never
10 & 0.5..0.75 => never
10 & 1..2 => never
10 & 0..Infinity => 10
10 & 1..Infinity => 10
10 & -Infinity..0 => never
10 & -Infinity..Infinity => 10
10 & int(0..1) => never
10 & int(0..2) => never
10 & int(1..2) => never
10 & int(0..Infinity) => 10
10 & int(1..Infinity) => 10
10 & int(-Infinity..0) => never
10 & int(-Infinity..Infinity) => 10
10 & string => never
10 & \\"\\" => never
10 & \\"foo\\" => never
10 & \\"bar\\" => never
10 & null => never
100 & -Infinity => never
100 & Infinity => never
100 & NaN => never
100 & 0..1 => never
100 & 0..2 => never
100 & 0.5..1.5 => never
100 & 0.5..2.5 => never
100 & 0.5..0.75 => never
100 & 1..2 => never
100 & 0..Infinity => 100
100 & 1..Infinity => 100
100 & -Infinity..0 => never
100 & -Infinity..Infinity => 100
100 & int(0..1) => never
100 & int(0..2) => never
100 & int(1..2) => never
100 & int(0..Infinity) => 100
100 & int(1..Infinity) => 100
100 & int(-Infinity..0) => never
100 & int(-Infinity..Infinity) => 100
100 & string => never
100 & \\"\\" => never
100 & \\"foo\\" => never
100 & \\"bar\\" => never
100 & null => never
-Infinity & Infinity => never
-Infinity & NaN => never
-Infinity & 0..1 => never
-Infinity & 0..2 => never
-Infinity & 0.5..1.5 => never
-Infinity & 0.5..2.5 => never
-Infinity & 0.5..0.75 => never
-Infinity & 1..2 => never
-Infinity & 0..Infinity => never
-Infinity & 1..Infinity => never
-Infinity & -Infinity..0 => -Infinity
-Infinity & -Infinity..Infinity => -Infinity
-Infinity & int(0..1) => never
-Infinity & int(0..2) => never
-Infinity & int(1..2) => never
-Infinity & int(0..Infinity) => never
-Infinity & int(1..Infinity) => never
-Infinity & int(-Infinity..0) => never
-Infinity & int(-Infinity..Infinity) => never
-Infinity & string => never
-Infinity & \\"\\" => never
-Infinity & \\"foo\\" => never
-Infinity & \\"bar\\" => never
-Infinity & null => never
Infinity & NaN => never
Infinity & 0..1 => never
Infinity & 0..2 => never
Infinity & 0.5..1.5 => never
Infinity & 0.5..2.5 => never
Infinity & 0.5..0.75 => never
Infinity & 1..2 => never
Infinity & 0..Infinity => Infinity
Infinity & 1..Infinity => Infinity
Infinity & -Infinity..0 => never
Infinity & -Infinity..Infinity => Infinity
Infinity & int(0..1) => never
Infinity & int(0..2) => never
Infinity & int(1..2) => never
Infinity & int(0..Infinity) => never
Infinity & int(1..Infinity) => never
Infinity & int(-Infinity..0) => never
Infinity & int(-Infinity..Infinity) => never
Infinity & string => never
Infinity & \\"\\" => never
Infinity & \\"foo\\" => never
Infinity & \\"bar\\" => never
Infinity & null => never
NaN & 0..1 => never
NaN & 0..2 => never
NaN & 0.5..1.5 => never
NaN & 0.5..2.5 => never
NaN & 0.5..0.75 => never
NaN & 1..2 => never
NaN & 0..Infinity => never
NaN & 1..Infinity => never
NaN & -Infinity..0 => never
NaN & -Infinity..Infinity => never
NaN & int(0..1) => never
NaN & int(0..2) => never
NaN & int(1..2) => never
NaN & int(0..Infinity) => never
NaN & int(1..Infinity) => never
NaN & int(-Infinity..0) => never
NaN & int(-Infinity..Infinity) => never
NaN & string => never
NaN & \\"\\" => never
NaN & \\"foo\\" => never
NaN & \\"bar\\" => never
NaN & null => never
0..1 & 0..2 => 0..1
0..1 & 0.5..1.5 => 0.5..1
0..1 & 0.5..2.5 => 0.5..1
0..1 & 0.5..0.75 => 0.5..0.75
0..1 & 1..2 => 1
0..1 & 0..Infinity => 0..1
0..1 & 1..Infinity => 1
0..1 & -Infinity..0 => 0
0..1 & -Infinity..Infinity => 0..1
0..1 & int(0..1) => int(0..1)
0..1 & int(0..2) => int(0..1)
0..1 & int(1..2) => 1
0..1 & int(0..Infinity) => int(0..1)
0..1 & int(1..Infinity) => 1
0..1 & int(-Infinity..0) => 0
0..1 & int(-Infinity..Infinity) => int(0..1)
0..1 & string => never
0..1 & \\"\\" => never
0..1 & \\"foo\\" => never
0..1 & \\"bar\\" => never
0..1 & null => never
0..2 & 0.5..1.5 => 0.5..1.5
0..2 & 0.5..2.5 => 0.5..2
0..2 & 0.5..0.75 => 0.5..0.75
0..2 & 1..2 => 1..2
0..2 & 0..Infinity => 0..2
0..2 & 1..Infinity => 1..2
0..2 & -Infinity..0 => 0
0..2 & -Infinity..Infinity => 0..2
0..2 & int(0..1) => int(0..1)
0..2 & int(0..2) => int(0..2)
0..2 & int(1..2) => int(1..2)
0..2 & int(0..Infinity) => int(0..2)
0..2 & int(1..Infinity) => int(1..2)
0..2 & int(-Infinity..0) => 0
0..2 & int(-Infinity..Infinity) => int(0..2)
0..2 & string => never
0..2 & \\"\\" => never
0..2 & \\"foo\\" => never
0..2 & \\"bar\\" => never
0..2 & null => never
0.5..1.5 & 0.5..2.5 => 0.5..1.5
0.5..1.5 & 0.5..0.75 => 0.5..0.75
0.5..1.5 & 1..2 => 1..1.5
0.5..1.5 & 0..Infinity => 0.5..1.5
0.5..1.5 & 1..Infinity => 1..1.5
0.5..1.5 & -Infinity..0 => never
0.5..1.5 & -Infinity..Infinity => 0.5..1.5
0.5..1.5 & int(0..1) => 1
0.5..1.5 & int(0..2) => 1
0.5..1.5 & int(1..2) => 1
0.5..1.5 & int(0..Infinity) => 1
0.5..1.5 & int(1..Infinity) => 1
0.5..1.5 & int(-Infinity..0) => never
0.5..1.5 & int(-Infinity..Infinity) => 1
0.5..1.5 & string => never
0.5..1.5 & \\"\\" => never
0.5..1.5 & \\"foo\\" => never
0.5..1.5 & \\"bar\\" => never
0.5..1.5 & null => never
0.5..2.5 & 0.5..0.75 => 0.5..0.75
0.5..2.5 & 1..2 => 1..2
0.5..2.5 & 0..Infinity => 0.5..2.5
0.5..2.5 & 1..Infinity => 1..2.5
0.5..2.5 & -Infinity..0 => never
0.5..2.5 & -Infinity..Infinity => 0.5..2.5
0.5..2.5 & int(0..1) => 1
0.5..2.5 & int(0..2) => int(1..2)
0.5..2.5 & int(1..2) => int(1..2)
0.5..2.5 & int(0..Infinity) => int(1..2)
0.5..2.5 & int(1..Infinity) => int(1..2)
0.5..2.5 & int(-Infinity..0) => never
0.5..2.5 & int(-Infinity..Infinity) => int(1..2)
0.5..2.5 & string => never
0.5..2.5 & \\"\\" => never
0.5..2.5 & \\"foo\\" => never
0.5..2.5 & \\"bar\\" => never
0.5..2.5 & null => never
0.5..0.75 & 1..2 => never
0.5..0.75 & 0..Infinity => 0.5..0.75
0.5..0.75 & 1..Infinity => never
0.5..0.75 & -Infinity..0 => never
0.5..0.75 & -Infinity..Infinity => 0.5..0.75
0.5..0.75 & int(0..1) => never
0.5..0.75 & int(0..2) => never
0.5..0.75 & int(1..2) => never
0.5..0.75 & int(0..Infinity) => never
0.5..0.75 & int(1..Infinity) => never
0.5..0.75 & int(-Infinity..0) => never
0.5..0.75 & int(-Infinity..Infinity) => never
0.5..0.75 & string => never
0.5..0.75 & \\"\\" => never
0.5..0.75 & \\"foo\\" => never
0.5..0.75 & \\"bar\\" => never
0.5..0.75 & null => never
1..2 & 0..Infinity => 1..2
1..2 & 1..Infinity => 1..2
1..2 & -Infinity..0 => never
1..2 & -Infinity..Infinity => 1..2
1..2 & int(0..1) => 1
1..2 & int(0..2) => int(1..2)
1..2 & int(1..2) => int(1..2)
1..2 & int(0..Infinity) => int(1..2)
1..2 & int(1..Infinity) => int(1..2)
1..2 & int(-Infinity..0) => never
1..2 & int(-Infinity..Infinity) => int(1..2)
1..2 & string => never
1..2 & \\"\\" => never
1..2 & \\"foo\\" => never
1..2 & \\"bar\\" => never
1..2 & null => never
0..Infinity & 1..Infinity => 1..Infinity
0..Infinity & -Infinity..0 => 0
0..Infinity & -Infinity..Infinity => 0..Infinity
0..Infinity & int(0..1) => int(0..1)
0..Infinity & int(0..2) => int(0..2)
0..Infinity & int(1..2) => int(1..2)
0..Infinity & int(0..Infinity) => int(0..Infinity)
0..Infinity & int(1..Infinity) => int(1..Infinity)
0..Infinity & int(-Infinity..0) => 0
0..Infinity & int(-Infinity..Infinity) => int(0..Infinity)
0..Infinity & string => never
0..Infinity & \\"\\" => never
0..Infinity & \\"foo\\" => never
0..Infinity & \\"bar\\" => never
0..Infinity & null => never
1..Infinity & -Infinity..0 => never
1..Infinity & -Infinity..Infinity => 1..Infinity
1..Infinity & int(0..1) => 1
1..Infinity & int(0..2) => int(1..2)
1..Infinity & int(1..2) => int(1..2)
1..Infinity & int(0..Infinity) => int(1..Infinity)
1..Infinity & int(1..Infinity) => int(1..Infinity)
1..Infinity & int(-Infinity..0) => never
1..Infinity & int(-Infinity..Infinity) => int(1..Infinity)
1..Infinity & string => never
1..Infinity & \\"\\" => never
1..Infinity & \\"foo\\" => never
1..Infinity & \\"bar\\" => never
1..Infinity & null => never
-Infinity..0 & -Infinity..Infinity => -Infinity..0
-Infinity..0 & int(0..1) => 0
-Infinity..0 & int(0..2) => 0
-Infinity..0 & int(1..2) => never
-Infinity..0 & int(0..Infinity) => 0
-Infinity..0 & int(1..Infinity) => never
-Infinity..0 & int(-Infinity..0) => int(-Infinity..0)
-Infinity..0 & int(-Infinity..Infinity) => int(-Infinity..0)
-Infinity..0 & string => never
-Infinity..0 & \\"\\" => never
-Infinity..0 & \\"foo\\" => never
-Infinity..0 & \\"bar\\" => never
-Infinity..0 & null => never
-Infinity..Infinity & int(0..1) => int(0..1)
-Infinity..Infinity & int(0..2) => int(0..2)
-Infinity..Infinity & int(1..2) => int(1..2)
-Infinity..Infinity & int(0..Infinity) => int(0..Infinity)
-Infinity..Infinity & int(1..Infinity) => int(1..Infinity)
-Infinity..Infinity & int(-Infinity..0) => int(-Infinity..0)
-Infinity..Infinity & int(-Infinity..Infinity) => int(-Infinity..Infinity)
-Infinity..Infinity & string => never
-Infinity..Infinity & \\"\\" => never
-Infinity..Infinity & \\"foo\\" => never
-Infinity..Infinity & \\"bar\\" => never
-Infinity..Infinity & null => never
int(0..1) & int(0..2) => int(0..1)
int(0..1) & int(1..2) => 1
int(0..1) & int(0..Infinity) => int(0..1)
int(0..1) & int(1..Infinity) => 1
int(0..1) & int(-Infinity..0) => 0
int(0..1) & int(-Infinity..Infinity) => int(0..1)
int(0..1) & string => never
int(0..1) & \\"\\" => never
int(0..1) & \\"foo\\" => never
int(0..1) & \\"bar\\" => never
int(0..1) & null => never
int(0..2) & int(1..2) => int(1..2)
int(0..2) & int(0..Infinity) => int(0..2)
int(0..2) & int(1..Infinity) => int(1..2)
int(0..2) & int(-Infinity..0) => 0
int(0..2) & int(-Infinity..Infinity) => int(0..2)
int(0..2) & string => never
int(0..2) & \\"\\" => never
int(0..2) & \\"foo\\" => never
int(0..2) & \\"bar\\" => never
int(0..2) & null => never
int(1..2) & int(0..Infinity) => int(1..2)
int(1..2) & int(1..Infinity) => int(1..2)
int(1..2) & int(-Infinity..0) => never
int(1..2) & int(-Infinity..Infinity) => int(1..2)
int(1..2) & string => never
int(1..2) & \\"\\" => never
int(1..2) & \\"foo\\" => never
int(1..2) & \\"bar\\" => never
int(1..2) & null => never
int(0..Infinity) & int(1..Infinity) => int(1..Infinity)
int(0..Infinity) & int(-Infinity..0) => 0
int(0..Infinity) & int(-Infinity..Infinity) => int(0..Infinity)
int(0..Infinity) & string => never
int(0..Infinity) & \\"\\" => never
int(0..Infinity) & \\"foo\\" => never
int(0..Infinity) & \\"bar\\" => never
int(0..Infinity) & null => never
int(1..Infinity) & int(-Infinity..0) => never
int(1..Infinity) & int(-Infinity..Infinity) => int(1..Infinity)
int(1..Infinity) & string => never
int(1..Infinity) & \\"\\" => never
int(1..Infinity) & \\"foo\\" => never
int(1..Infinity) & \\"bar\\" => never
int(1..Infinity) & null => never
int(-Infinity..0) & int(-Infinity..Infinity) => int(-Infinity..0)
int(-Infinity..0) & string => never
int(-Infinity..0) & \\"\\" => never
int(-Infinity..0) & \\"foo\\" => never
int(-Infinity..0) & \\"bar\\" => never
int(-Infinity..0) & null => never
int(-Infinity..Infinity) & string => never
int(-Infinity..Infinity) & \\"\\" => never
int(-Infinity..Infinity) & \\"foo\\" => never
int(-Infinity..Infinity) & \\"bar\\" => never
int(-Infinity..Infinity) & null => never
string & \\"\\" => \\"\\"
string & \\"foo\\" => \\"foo\\"
string & \\"bar\\" => \\"bar\\"
string & null => never
\\"\\" & \\"foo\\" => never
\\"\\" & \\"bar\\" => never
\\"\\" & null => never
\\"foo\\" & \\"bar\\" => never
\\"foo\\" & null => never
\\"bar\\" & null => never
Foo { a: 1, b: 2 } => Foo { a: 1, b: 2 }
Foo { a: 3, b: 2 } => Foo { a: 3, b: 2 }
Foo { a: 3, b: 4 } => Foo { a: 3, b: 4 }
Foo { a: 3, b: number } => Foo { a: 3, b: number }
Foo { a: 1, b: 2 } | Foo { a: 3, b: 2 } => Foo { a: 1 | 3, b: 2 }
Foo { a: 1, b: 2 } | Foo { a: 3, b: 4 } => Foo { a: 1 | 3, b: 2 | 4 }
Foo { a: 1, b: 2 } | Foo { a: 3, b: number } => Foo { a: 1 | 3, b: number }
Foo { a: 3, b: 2 } | Foo { a: 3, b: 4 } => Foo { a: 3, b: 2 | 4 }
Foo { a: 3, b: 2 } | Foo { a: 3, b: number } => Foo { a: 3, b: number }
Foo { a: 3, b: 4 } | Foo { a: 3, b: number } => Foo { a: 3, b: number }
Foo { a: 1, b: 2 } & Foo { a: 3, b: 2 } => never
Foo { a: 1, b: 2 } & Foo { a: 3, b: 4 } => never
Foo { a: 1, b: 2 } & Foo { a: 3, b: number } => never
Foo { a: 3, b: 2 } & Foo { a: 3, b: 4 } => never
Foo { a: 3, b: 2 } & Foo { a: 3, b: number } => Foo { a: 3, b: 2 }
Foo { a: 3, b: 4 } & Foo { a: 3, b: number } => Foo { a: 3, b: 4 }
never.a => never
any.a => Error: Invalid field access: The \`any\` type is not guaranteed to have a field \`a\`.
number.a => Error: Invalid field access: Primitive types do not have fields.
-2.a => Error: Invalid field access: Primitive types do not have fields.
-1.a => Error: Invalid field access: Primitive types do not have fields.
0.a => Error: Invalid field access: Primitive types do not have fields.
1.a => Error: Invalid field access: Primitive types do not have fields.
2.a => Error: Invalid field access: Primitive types do not have fields.
10.a => Error: Invalid field access: Primitive types do not have fields.
100.a => Error: Invalid field access: Primitive types do not have fields.
-Infinity.a => Error: Invalid field access: Primitive types do not have fields.
Infinity.a => Error: Invalid field access: Primitive types do not have fields.
NaN.a => Error: Invalid field access: Primitive types do not have fields.
0..1.a => Error: Invalid field access: Primitive types do not have fields.
0..2.a => Error: Invalid field access: Primitive types do not have fields.
0.5..1.5.a => Error: Invalid field access: Primitive types do not have fields.
0.5..2.5.a => Error: Invalid field access: Primitive types do not have fields.
0.5..0.75.a => Error: Invalid field access: Primitive types do not have fields.
1..2.a => Error: Invalid field access: Primitive types do not have fields.
0..Infinity.a => Error: Invalid field access: Primitive types do not have fields.
1..Infinity.a => Error: Invalid field access: Primitive types do not have fields.
-Infinity..0.a => Error: Invalid field access: Primitive types do not have fields.
-Infinity..Infinity.a => Error: Invalid field access: Primitive types do not have fields.
int(0..1).a => Error: Invalid field access: Primitive types do not have fields.
int(0..2).a => Error: Invalid field access: Primitive types do not have fields.
int(1..2).a => Error: Invalid field access: Primitive types do not have fields.
int(0..Infinity).a => Error: Invalid field access: Primitive types do not have fields.
int(1..Infinity).a => Error: Invalid field access: Primitive types do not have fields.
int(-Infinity..0).a => Error: Invalid field access: Primitive types do not have fields.
int(-Infinity..Infinity).a => Error: Invalid field access: Primitive types do not have fields.
string.a => Error: Invalid field access: Primitive types do not have fields.
\\"\\".a => Error: Invalid field access: Primitive types do not have fields.
\\"foo\\".a => Error: Invalid field access: Primitive types do not have fields.
\\"bar\\".a => Error: Invalid field access: Primitive types do not have fields.
null.a => Error: Invalid field access: The null structure does not define a field \`a\`.
Foo { a: 1, b: 2 }.a => 1
Foo { a: 3, b: 2 }.a => 3
Foo { a: 3, b: 4 }.a => 3
Foo { a: 3, b: number }.a => 3
(Foo { a: 1, b: 2 } | Foo { a: 3, b: 2 }).a => 1 | 3
(Foo { a: 1, b: 2 } | Foo { a: 3, b: 4 }).a => 1 | 3
(Foo { a: 1, b: 2 } | Foo { a: 3, b: number }).a => 1 | 3
(Foo { a: 3, b: 2 } | Foo { a: 3, b: 4 }).a => 3
(Foo { a: 3, b: 2 } | Foo { a: 3, b: number }).a => 3
(Foo { a: 3, b: 4 } | Foo { a: 3, b: number }).a => 3
(Foo { a: 1, b: 2 } & Foo { a: 3, b: 2 }).a => never
(Foo { a: 1, b: 2 } & Foo { a: 3, b: 4 }).a => never
(Foo { a: 1, b: 2 } & Foo { a: 3, b: number }).a => never
(Foo { a: 3, b: 2 } & Foo { a: 3, b: 4 }).a => never
(Foo { a: 3, b: 2 } & Foo { a: 3, b: number }).a => 3
(Foo { a: 3, b: 4 } & Foo { a: 3, b: number }).a => 3"
`;
